#
# There is insufficient memory for the Java Runtime Environment to continue.
# Native memory allocation (mmap) failed to map 268435456 bytes. Error detail: G1 virtual space
# Possible reasons:
#   The system is out of physical RAM or swap space
#   This process is running with CompressedOops enabled, and the Java Heap may be blocking the growth of the native heap
# Possible solutions:
#   Reduce memory load on the system
#   Increase physical memory or swap space
#   Check if swap backing store is full
#   Decrease Java heap size (-Xmx/-Xms)
#   Decrease number of Java threads
#   Decrease Java thread stack sizes (-Xss)
#   Set larger code cache with -XX:ReservedCodeCacheSize=
#   JVM is running with Zero Based Compressed Oops mode in which the Java heap is
#     placed in the first 32GB address space. The Java Heap base address is the
#     maximum limit for the native heap growth. Please use -XX:HeapBaseMinAddress
#     to set the Java Heap base and to place the Java Heap above 32GB virtual address.
# This output file may be truncated or incomplete.
#
#  Out of Memory Error (os_windows.cpp:3926), pid=13928, tid=17996
#
# JRE version:  (21.0.10) (build )
# Java VM: OpenJDK 64-Bit Server VM (21.0.10+-14961533-b1163.108, mixed mode, sharing, tiered, compressed oops, compressed class ptrs, g1 gc, windows-amd64)
# No core dump will be written. Minidumps are not enabled by default on client versions of Windows
#

---------------  S U M M A R Y ------------

Command Line: org.jetbrains.kotlin.cli.jvm.K2JVMCompiler @D:\android\Lexumi\app\build\20260725_18185598399389957178.compiler.options

Host: Intel(R) Core(TM) i7-6700HQ CPU @ 2.60GHz, 8 cores, 15G,  Windows 10 , 64 bit Build 19041 (10.0.19041.5915)
Time: Sat Jul 25 22:09:56 2026 Romance Daylight Time elapsed time: 0.012339 seconds (0d 0h 0m 0s)

---------------  T H R E A D  ---------------

Current thread (0x000002ec39271680):  JavaThread "Unknown thread" [_thread_in_vm, id=17996, stack(0x000000f4a4c00000,0x000000f4a4d00000) (1024K)]

Stack: [0x000000f4a4c00000,0x000000f4a4d00000]
Native frames: (J=compiled Java code, j=interpreted, Vv=VM code, C=native code)
V  [jvm.dll+0x6d78a9]
V  [jvm.dll+0x8665b3]
V  [jvm.dll+0x868bde]
V  [jvm.dll+0x8692c3]
V  [jvm.dll+0x280ee6]
V  [jvm.dll+0x6d4165]
V  [jvm.dll+0x6c77fa]
V  [jvm.dll+0x358f4b]
V  [jvm.dll+0x360bc6]
V  [jvm.dll+0x3b2ea6]
V  [jvm.dll+0x3b3178]
V  [jvm.dll+0x32b65c]
V  [jvm.dll+0x32c34b]
V  [jvm.dll+0x82f449]
V  [jvm.dll+0x3c0078]
V  [jvm.dll+0x8185e8]
V  [jvm.dll+0x45449e]
V  [jvm.dll+0x455c01]
C  [jli.dll+0x52ab]
C  [ucrtbase.dll+0x21bb2]
C  [KERNEL32.DLL+0x17374]
C  [ntdll.dll+0x4cc91]


---------------  P R O C E S S  ---------------

Threads class SMR info:
_java_thread_list=0x00007ffc8abeb9c8, length=0, elements={
}

Java Threads: ( => current thread )
Total: 0

Other Threads:
  0x000002ec3b5f5e90 WorkerThread "GC Thread#0"                     [id=6720, stack(0x000000f4a4d00000,0x000000f4a4e00000) (1024K)]
  0x000002ec3b606e30 ConcurrentGCThread "G1 Main Marker"            [id=13932, stack(0x000000f4a4e00000,0x000000f4a4f00000) (1024K)]
  0x000002ec3b607940 WorkerThread "G1 Conc#0"                       [id=5748, stack(0x000000f4a4f00000,0x000000f4a5000000) (1024K)]

[error occurred during error reporting (printing all threads), id 0xc0000005, EXCEPTION_ACCESS_VIOLATION (0xc0000005) at pc=0x00007ffc8a3de637]
VM state: not at safepoint (not fully initialized)

VM Mutex/Monitor currently owned by a thread:  ([mutex/lock_event])
[0x00007ffc8ac587d0] Heap_lock - owner thread: 0x000002ec39271680

Heap address: 0x0000000701c00000, size: 4068 MB, Compressed Oops mode: Zero based, Oop shift amount: 3

CDS archive(s) mapped at: [0x0000000000000000-0x0000000000000000-0x0000000000000000), size 0, SharedBaseAddress: 0x0000000800000000, ArchiveRelocationMode: 1.
Narrow klass base: 0x0000000000000000, Narrow klass shift: 0, Narrow klass range: 0x0

GC Precious Log:
 CardTable entry size: 512
 Card Set container configuration: InlinePtr #cards 4 size 8 Array Of Cards #cards 16 size 48 Howl #buckets 8 coarsen threshold 3686 Howl Bitmap #cards 512 size 80 coarsen threshold 460 Card regions per heap region 1 cards per card region 4096

Heap:
 garbage-first heap   total 0K, used 0K [0x0000000701c00000, 0x0000000800000000)
  region size 2048K, 0 young (0K), 0 survivors (0K)
 Metaspace       used 0K, committed 0K, reserved 0K
  class space    used 0K, committed 0K, reserved 0K

Heap Regions: E=young(eden), S=young(survivor), O=old, HS=humongous(starts), HC=humongous(continues), CS=collection set, F=free, TAMS=top-at-mark-start, PB=parsable bottom

Card table byte_map: [0x000002ec4e230000,0x000002ec4ea30000] _byte_map_base: 0x000002ec4aa22000

Marking Bits: (CMBitMap*) 0x000002ec3b5f65a0
 Bits: [0x000002ec4ea30000, 0x000002ec529c0000)

GC Heap History (0 events):
No events

Dll operation events (1 events):
Event: 0.007 Loaded shared library C:\Program Files\Android\Android Studio\jbr\bin\java.dll

Deoptimization events (0 events):
No events

Classes loaded (0 events):
No events

Classes unloaded (0 events):
No events

Classes redefined (0 events):
No events

Internal exceptions (0 events):
No events

ZGC Phase Switch (0 events):
No events

VM Operations (0 events):
No events

Memory protections (0 events):
No events

Nmethod flushes (0 events):
No events

Events (0 events):
No events


Dynamic libraries:
0x00007ff662040000 - 0x00007ff66204a000 	C:\Program Files\Android\Android Studio\jbr\bin\java.exe
0x00007ffcd9530000 - 0x00007ffcd9728000 	C:\WINDOWS\SYSTEM32\ntdll.dll
0x00007ffcd9420000 - 0x00007ffcd94e2000 	C:\WINDOWS\System32\KERNEL32.DLL
0x00007ffcd7250000 - 0x00007ffcd7546000 	C:\WINDOWS\System32\KERNELBASE.dll
0x00007ffcd6c50000 - 0x00007ffcd6d50000 	C:\WINDOWS\System32\ucrtbase.dll
0x00007ffccf500000 - 0x00007ffccf518000 	C:\Program Files\Android\Android Studio\jbr\bin\jli.dll
0x00007ffcd0500000 - 0x00007ffcd051b000 	C:\Program Files\Android\Android Studio\jbr\bin\VCRUNTIME140.dll
0x00007ffcd8b80000 - 0x00007ffcd8d21000 	C:\WINDOWS\System32\USER32.dll
0x00007ffcc3870000 - 0x00007ffcc3b0b000 	C:\WINDOWS\WinSxS\amd64_microsoft.windows.common-controls_6595b64144ccf1df_6.0.19041.6456_none_60b8a6cb71f64256\COMCTL32.dll
0x00007ffcd6e00000 - 0x00007ffcd6e22000 	C:\WINDOWS\System32\win32u.dll
0x00007ffcd8070000 - 0x00007ffcd809b000 	C:\WINDOWS\System32\GDI32.dll
0x00007ffcd8530000 - 0x00007ffcd85ce000 	C:\WINDOWS\System32\msvcrt.dll
0x00007ffcd7090000 - 0x00007ffcd71a9000 	C:\WINDOWS\System32\gdi32full.dll
0x00007ffcd71b0000 - 0x00007ffcd724d000 	C:\WINDOWS\System32\msvcp_win.dll
0x00007ffcd8ae0000 - 0x00007ffcd8b0f000 	C:\WINDOWS\System32\IMM32.DLL
0x00007ffccf4e0000 - 0x00007ffccf4ec000 	C:\Program Files\Android\Android Studio\jbr\bin\vcruntime140_1.dll
0x00007ffcafc60000 - 0x00007ffcafced000 	C:\Program Files\Android\Android Studio\jbr\bin\msvcp140.dll
0x00007ffc8a0a0000 - 0x00007ffc8ad36000 	C:\Program Files\Android\Android Studio\jbr\bin\server\jvm.dll
0x00007ffcd80a0000 - 0x00007ffcd8151000 	C:\WINDOWS\System32\ADVAPI32.dll
0x00007ffcd8a40000 - 0x00007ffcd8adf000 	C:\WINDOWS\System32\sechost.dll
0x00007ffcd9270000 - 0x00007ffcd9390000 	C:\WINDOWS\System32\RPCRT4.dll
0x00007ffcd6dd0000 - 0x00007ffcd6df7000 	C:\WINDOWS\System32\bcrypt.dll
0x00007ffcd8b10000 - 0x00007ffcd8b7b000 	C:\WINDOWS\System32\WS2_32.dll
0x00007ffcd6110000 - 0x00007ffcd615b000 	C:\WINDOWS\SYSTEM32\POWRPROF.dll
0x00007ffccec40000 - 0x00007ffccec4a000 	C:\WINDOWS\SYSTEM32\VERSION.dll
0x00007ffcc3c50000 - 0x00007ffcc3c77000 	C:\WINDOWS\SYSTEM32\WINMM.dll
0x00007ffcd5f80000 - 0x00007ffcd5f92000 	C:\WINDOWS\SYSTEM32\UMPDC.dll
0x00007ffcd5390000 - 0x00007ffcd53a2000 	C:\WINDOWS\SYSTEM32\kernel.appcore.dll
0x00007ffccf4d0000 - 0x00007ffccf4da000 	C:\Program Files\Android\Android Studio\jbr\bin\jimage.dll
0x00007ffcbf890000 - 0x00007ffcbfa91000 	C:\WINDOWS\SYSTEM32\DBGHELP.DLL
0x00007ffcbe010000 - 0x00007ffcbe044000 	C:\WINDOWS\SYSTEM32\dbgcore.DLL
0x00007ffcd6bc0000 - 0x00007ffcd6c42000 	C:\WINDOWS\System32\bcryptPrimitives.dll
0x00007ffccea30000 - 0x00007ffccea50000 	C:\Program Files\Android\Android Studio\jbr\bin\java.dll

JVMTI agents: none

dbghelp: loaded successfully - version: 4.0.5 - missing functions: none
symbol engine: initialized successfully - sym options: 0x614 - pdb path: .;C:\Program Files\Android\Android Studio\jbr\bin;C:\WINDOWS\SYSTEM32;C:\WINDOWS\WinSxS\amd64_microsoft.windows.common-controls_6595b64144ccf1df_6.0.19041.6456_none_60b8a6cb71f64256;C:\Program Files\Android\Android Studio\jbr\bin\server

VM Arguments:
java_command: org.jetbrains.kotlin.cli.jvm.K2JVMCompiler @D:\android\Lexumi\app\build\20260725_18185598399389957178.compiler.options
java_class_path (initial): C:\Users\MSI\.gradle\caches\modules-2\files-2.1\org.jetbrains.kotlin\kotlin-compiler-embeddable\1.9.24\78dab849090e6c5e2eadb6e59a11cdc28fb67a08\kotlin-compiler-embeddable-1.9.24.jar;C:\Users\MSI\.gradle\caches\modules-2\files-2.1\org.jetbrains.kotlin\kotlin-stdlib\1.9.24\9928532f12c66ad816a625b3f9984f8368ca6d2b\kotlin-stdlib-1.9.24.jar;C:\Users\MSI\.gradle\caches\modules-2\files-2.1\org.jetbrains.kotlin\kotlin-script-runtime\1.9.24\96771497da90fbc5af1c90fce148db2595a62502\kotlin-script-runtime-1.9.24.jar;C:\Users\MSI\.gradle\caches\modules-2\files-2.1\org.jetbrains.kotlin\kotlin-reflect\1.6.10\1cbe9c92c12a94eea200d23c2bbaedaf3daf5132\kotlin-reflect-1.6.10.jar;C:\Users\MSI\.gradle\caches\modules-2\files-2.1\org.jetbrains.kotlin\kotlin-daemon-embeddable\1.9.24\86685b9c5e8d170925bd9ddbdc263374a6a73281\kotlin-daemon-embeddable-1.9.24.jar;C:\Users\MSI\.gradle\caches\modules-2\files-2.1\org.jetbrains.intellij.deps\trove4j\1.0.20200330\3afb14d5f9ceb459d724e907a21145e8ff394f02\trove4j-1.0.20200330.jar;C:\Users\MSI\.gradle\caches\modules-2\files-2.1\org.jetbrains\annotations\13.0\919f0dfe192fb4e063e7dacadee7f8bb9a2672a9\annotations-13.0.jar
Launcher Type: SUN_STANDARD

[Global flags]
     intx CICompilerCount                          = 4                                         {product} {ergonomic}
     uint ConcGCThreads                            = 2                                         {product} {ergonomic}
     uint G1ConcRefinementThreads                  = 8                                         {product} {ergonomic}
   size_t G1HeapRegionSize                         = 2097152                                   {product} {ergonomic}
    uintx GCDrainStackTargetSize                   = 64                                        {product} {ergonomic}
   size_t InitialHeapSize                          = 268435456                                 {product} {ergonomic}
   size_t MarkStackSize                            = 4194304                                   {product} {ergonomic}
   size_t MaxHeapSize                              = 4265607168                                {product} {ergonomic}
   size_t MinHeapDeltaBytes                        = 2097152                                   {product} {ergonomic}
   size_t MinHeapSize                              = 8388608                                   {product} {ergonomic}
    uintx NonNMethodCodeHeapSize                   = 5839372                                {pd product} {ergonomic}
    uintx NonProfiledCodeHeapSize                  = 122909434                              {pd product} {ergonomic}
    uintx ProfiledCodeHeapSize                     = 122909434                              {pd product} {ergonomic}
    uintx ReservedCodeCacheSize                    = 251658240                              {pd product} {ergonomic}
     bool SegmentedCodeCache                       = true                                      {product} {ergonomic}
   size_t SoftMaxHeapSize                          = 4265607168                             {manageable} {ergonomic}
     bool UseCompressedOops                        = true                           {product lp64_product} {ergonomic}
     bool UseG1GC                                  = true                                      {product} {ergonomic}
     bool UseLargePagesIndividualAllocation        = false                                  {pd product} {ergonomic}

Logging:
Log output configuration:
 #0: stdout all=warning uptime,level,tags foldmultilines=false
 #1: stderr all=off uptime,level,tags foldmultilines=false

Release file:
<release file has not been read>
Environment Variables:
PATH=C:\Program Files\Common Files\Oracle\Java\javapath;C:\WINDOWS\system32;C:\WINDOWS;C:\WINDOWS\System32\Wbem;C:\WINDOWS\System32\WindowsPowerShell\v1.0\;C:\WINDOWS\System32\OpenSSH\;C:\Program Files\Git\cmd;C:\Program Files\nodejs\;C:\Program Files\dotnet\;C:\Users\MSI\AppData\Roaming\Telegram Desktop;C:\Android tools;C:\Program Files\MySQL\MySQL Shell 8.0\bin\;C:\Users\MSI\AppData\Local\Microsoft\WindowsApps;C:\Program Files\MySQL\MySQL Server 8.0\bin;C:\Users\MSI\AppData\Local\Programs\Microsoft VS Code\bin;C:\maven\apache-maven-3.9.11\bin;C:\Users\MSI\AppData\Roaming\npm
USERNAME=MSI
OS=Windows_NT
PROCESSOR_IDENTIFIER=Intel64 Family 6 Model 94 Stepping 3, GenuineIntel
TMP=C:\Users\MSI\AppData\Local\Temp
TEMP=C:\Users\MSI\AppData\Local\Temp




Periodic native trim disabled

JNI global refs:
JNI global refs: 0, weak refs: 0

JNI global refs memory usage: 0, weak refs: 0

Process memory usage:
Resident Set Size: 10904K (0% of 16660796K total physical memory with 1259288K free physical memory)

OOME stack traces (most recent first):
Classloader memory used:

---------------  S Y S T E M  ---------------

OS:
 Windows 10 , 64 bit Build 19041 (10.0.19041.5915)
OS uptime: 3 days 3:30 hours
Hyper-V role detected

CPU: total 8 (initial active 8) (4 cores per cpu, 2 threads per core) family 6 model 94 stepping 3 microcode 0xcc, cx8, cmov, fxsr, ht, mmx, 3dnowpref, sse, sse2, sse3, ssse3, sse4.1, sse4.2, popcnt, lzcnt, tsc, tscinvbit, avx, avx2, aes, erms, clmul, bmi1, bmi2, rtm, adx, fma, vzeroupper, clflush, clflushopt, hv, rdtscp, f16c
Processor Information for the first 8 processors :
  Max Mhz: 2601, Current Mhz: 2601, Mhz Limit: 2601

Memory: 4k page, system-wide physical 16270M (1229M free)
TotalPageFile size 16270M (AvailPageFile size 138M)
current process WorkingSet (physical memory assigned to process): 10M, peak: 10M
current process commit charge ("private bytes"): 60M, peak: 316M

vm_info: OpenJDK 64-Bit Server VM (21.0.10+-14961533-b1163.108) for windows-amd64 JRE (21.0.10+-14961533-b1163.108), built on 2026-03-02T19:58:50Z by "builder" with MS VC++ 16.10 / 16.11 (VS2019)

END.
