#
# There is insufficient memory for the Java Runtime Environment to continue.
# Native memory allocation (malloc) failed to allocate 486096 bytes. Error detail: Chunk::new
# Possible reasons:
#   The system is out of physical RAM or swap space
#   This process is running with CompressedOops enabled, and the Java Heap may be blocking the growth of the native heap
# Possible solutions:
#   Reduce memory load on the system
#   Increase physical memory or swap space
#   Check if swap backing store is full
#   Decrease Java heap size (-Xmx/-Xms)
#   Decrease number of Java threads
#   Decrease Java thread stack sizes (-Xss)
#   Set larger code cache with -XX:ReservedCodeCacheSize=
#   JVM is running with Zero Based Compressed Oops mode in which the Java heap is
#     placed in the first 32GB address space. The Java Heap base address is the
#     maximum limit for the native heap growth. Please use -XX:HeapBaseMinAddress
#     to set the Java Heap base and to place the Java Heap above 32GB virtual address.
# This output file may be truncated or incomplete.
#
#  Out of Memory Error (arena.cpp:168), pid=7032, tid=18016
#
# JRE version: OpenJDK Runtime Environment (21.0.10) (build 21.0.10+-14961533-b1163.108)
# Java VM: OpenJDK 64-Bit Server VM (21.0.10+-14961533-b1163.108, mixed mode, tiered, compressed oops, compressed class ptrs, g1 gc, windows-amd64)
# No core dump will be written. Minidumps are not enabled by default on client versions of Windows
#

---------------  S U M M A R Y ------------

Command Line: org.jetbrains.kotlin.cli.jvm.K2JVMCompiler @D:\android\Lexumi\app\build\20260725_11994731956893034042.compiler.options

Host: Intel(R) Core(TM) i7-6700HQ CPU @ 2.60GHz, 8 cores, 15G,  Windows 10 , 64 bit Build 19041 (10.0.19041.5915)
Time: Sat Jul 25 22:08:55 2026 Romance Daylight Time elapsed time: 34.414906 seconds (0d 0h 0m 34s)

---------------  T H R E A D  ---------------

Current thread (0x0000015af1a4ed00):  JavaThread "C2 CompilerThread0" daemon [_thread_in_native, id=18016, stack(0x00000050de600000,0x00000050de700000) (1024K)]


Current CompileTask:
C2:34415 22582       4       org.jetbrains.kotlin.ir.visitors.IrElementTransformerVoid::visitCall (10 bytes)

Stack: [0x00000050de600000,0x00000050de700000]
Native frames: (J=compiled Java code, j=interpreted, Vv=VM code, C=native code)
V  [jvm.dll+0x6d78a9]
V  [jvm.dll+0x8665b3]
V  [jvm.dll+0x868bde]
V  [jvm.dll+0x8692c3]
V  [jvm.dll+0x280ee6]
V  [jvm.dll+0xc07cd]
V  [jvm.dll+0xc0d03]
V  [jvm.dll+0x2f6170]
V  [jvm.dll+0x6003e9]
V  [jvm.dll+0x252ce2]
V  [jvm.dll+0x24b58a]
V  [jvm.dll+0x24909e]
V  [jvm.dll+0x1c76e4]
V  [jvm.dll+0x25891e]
V  [jvm.dll+0x256e66]
V  [jvm.dll+0x3f513e]
V  [jvm.dll+0x80fd28]
V  [jvm.dll+0x6d60fd]
C  [ucrtbase.dll+0x21bb2]
C  [KERNEL32.DLL+0x17374]
C  [ntdll.dll+0x4cc91]


---------------  P R O C E S S  ---------------

Threads class SMR info:
_java_thread_list=0x0000015af6ced920, length=13, elements={
0x0000015ad56ae0a0, 0x0000015af19cc100, 0x0000015af19e8a10, 0x0000015af19e9470,
0x0000015af1a108e0, 0x0000015af1a19630, 0x0000015af1a1a090, 0x0000015af1a26f20,
0x0000015af1a4ed00, 0x0000015af1a54cb0, 0x0000015af1be4350, 0x0000015af1aeb510,
0x0000015af1aebbe0
}

Java Threads: ( => current thread )
  0x0000015ad56ae0a0 JavaThread "main"                              [_thread_in_Java, id=14364, stack(0x00000050dd700000,0x00000050dd800000) (1024K)]
  0x0000015af19cc100 JavaThread "Common-Cleaner"             daemon [_thread_blocked, id=10856, stack(0x00000050ddf00000,0x00000050de000000) (1024K)]
  0x0000015af19e8a10 JavaThread "Reference Handler"          daemon [_thread_blocked, id=6240, stack(0x00000050de000000,0x00000050de100000) (1024K)]
  0x0000015af19e9470 JavaThread "Finalizer"                  daemon [_thread_blocked, id=15240, stack(0x00000050de100000,0x00000050de200000) (1024K)]
  0x0000015af1a108e0 JavaThread "Signal Dispatcher"          daemon [_thread_blocked, id=18012, stack(0x00000050de200000,0x00000050de300000) (1024K)]
  0x0000015af1a19630 JavaThread "Attach Listener"            daemon [_thread_blocked, id=13400, stack(0x00000050de300000,0x00000050de400000) (1024K)]
  0x0000015af1a1a090 JavaThread "Service Thread"             daemon [_thread_blocked, id=8984, stack(0x00000050de400000,0x00000050de500000) (1024K)]
  0x0000015af1a26f20 JavaThread "Monitor Deflation Thread"   daemon [_thread_blocked, id=9876, stack(0x00000050de500000,0x00000050de600000) (1024K)]
=>0x0000015af1a4ed00 JavaThread "C2 CompilerThread0"         daemon [_thread_in_native, id=18016, stack(0x00000050de600000,0x00000050de700000) (1024K)]
  0x0000015af1a54cb0 JavaThread "C1 CompilerThread0"         daemon [_thread_in_vm, id=5380, stack(0x00000050de700000,0x00000050de800000) (1024K)]
  0x0000015af1be4350 JavaThread "Notification Thread"        daemon [_thread_blocked, id=18232, stack(0x00000050de800000,0x00000050de900000) (1024K)]
  0x0000015af1aeb510 JavaThread "C2 CompilerThread1"         daemon [_thread_in_native, id=5740, stack(0x00000050de900000,0x00000050dea00000) (1024K)]
  0x0000015af1aebbe0 JavaThread "C2 CompilerThread2"         daemon [_thread_in_native, id=16432, stack(0x00000050dea00000,0x00000050deb00000) (1024K)]
Total: 13

Other Threads:
  0x0000015af19a8a00 VMThread "VM Thread"                           [id=17764, stack(0x00000050dde00000,0x00000050ddf00000) (1024K)]
  0x0000015af17e0960 WatcherThread "VM Periodic Task Thread"        [id=6024, stack(0x00000050ddd00000,0x00000050dde00000) (1024K)]
  0x0000015ad7a11760 WorkerThread "GC Thread#0"                     [id=480, stack(0x00000050dd800000,0x00000050dd900000) (1024K)]
  0x0000015af65d7460 WorkerThread "GC Thread#1"                     [id=4216, stack(0x00000050deb00000,0x00000050dec00000) (1024K)]
  0x0000015af65d7810 WorkerThread "GC Thread#2"                     [id=15672, stack(0x00000050dec00000,0x00000050ded00000) (1024K)]
  0x0000015af65d7bc0 WorkerThread "GC Thread#3"                     [id=16712, stack(0x00000050ded00000,0x00000050dee00000) (1024K)]
  0x0000015af68a7f30 WorkerThread "GC Thread#4"                     [id=3868, stack(0x00000050dee00000,0x00000050def00000) (1024K)]
  0x0000015af68a82e0 WorkerThread "GC Thread#5"                     [id=17104, stack(0x00000050def00000,0x00000050df000000) (1024K)]
  0x0000015af6a2c690 WorkerThread "GC Thread#6"                     [id=15720, stack(0x00000050df000000,0x00000050df100000) (1024K)]
  0x0000015af6a2ca40 WorkerThread "GC Thread#7"                     [id=2292, stack(0x00000050df100000,0x00000050df200000) (1024K)]
  0x0000015ad7a22da0 ConcurrentGCThread "G1 Main Marker"            [id=6544, stack(0x00000050dd900000,0x00000050dda00000) (1024K)]
  0x0000015ad7a238b0 WorkerThread "G1 Conc#0"                       [id=16880, stack(0x00000050dda00000,0x00000050ddb00000) (1024K)]
  0x0000015af6a2cdf0 WorkerThread "G1 Conc#1"                       [id=8160, stack(0x00000050df200000,0x00000050df300000) (1024K)]
  0x0000015af16a2570 ConcurrentGCThread "G1 Refine#0"               [id=14240, stack(0x00000050ddb00000,0x00000050ddc00000) (1024K)]
  0x0000015af16a2f90 ConcurrentGCThread "G1 Service"                [id=16692, stack(0x00000050ddc00000,0x00000050ddd00000) (1024K)]
Total: 15

Threads with active compile tasks:
C2 CompilerThread0  34455 22582       4       org.jetbrains.kotlin.ir.visitors.IrElementTransformerVoid::visitCall (10 bytes)
C1 CompilerThread0  34455 22677       3       org.jetbrains.kotlin.backend.jvm.lower.PolymorphicSignatureLowering::visitDeclarationReference (7 bytes)
C2 CompilerThread1  34455 22513       4       org.jetbrains.kotlin.ir.util.DeepCopyTypeRemapper::remapType (365 bytes)
C2 CompilerThread2  34455 22362       4       org.jetbrains.kotlin.ir.util.IrFakeOverrideUtilsKt::resolveFakeOverride$default (28 bytes)
Total: 4

VM state: not at safepoint (normal execution)

VM Mutex/Monitor currently owned by a thread: None

Heap address: 0x0000000701c00000, size: 4068 MB, Compressed Oops mode: Zero based, Oop shift amount: 3

CDS archive(s) not mapped
Compressed class space mapped at: 0x0000000800000000-0x0000000840000000, reserved size: 1073741824
Narrow klass base: 0x0000000800000000, Narrow klass shift: 0, Narrow klass range: 0x40000000

GC Precious Log:
 CardTable entry size: 512
 Card Set container configuration: InlinePtr #cards 4 size 8 Array Of Cards #cards 16 size 48 Howl #buckets 8 coarsen threshold 3686 Howl Bitmap #cards 512 size 80 coarsen threshold 460 Card regions per heap region 1 cards per card region 4096
 CPUs: 8 total, 8 available
 Memory: 16270M
 Large Page Support: Disabled
 NUMA Support: Disabled
 Compressed Oops: Enabled (Zero based)
 Heap Region Size: 2M
 Heap Min Capacity: 8M
 Heap Initial Capacity: 256M
 Heap Max Capacity: 4068M
 Pre-touch: Disabled
 Parallel Workers: 8
 Concurrent Workers: 2
 Concurrent Refinement Workers: 8
 Periodic GC: Disabled

Heap:
 garbage-first heap   total 276480K, used 173723K [0x0000000701c00000, 0x0000000800000000)
  region size 2048K, 7 young (14336K), 2 survivors (4096K)
 Metaspace       used 89507K, committed 90304K, reserved 1179648K
  class space    used 9490K, committed 9856K, reserved 1048576K

Heap Regions: E=young(eden), S=young(survivor), O=old, HS=humongous(starts), HC=humongous(continues), CS=collection set, F=free, TAMS=top-at-mark-start, PB=parsable bottom
|   0|0x0000000701c00000, 0x0000000701e00000, 0x0000000701e00000|100%|HS|  |TAMS 0x0000000701c00000| PB 0x0000000701c00000| Complete 
|   1|0x0000000701e00000, 0x0000000702000000, 0x0000000702000000|100%|HC|  |TAMS 0x0000000701e00000| PB 0x0000000701e00000| Complete 
|   2|0x0000000702000000, 0x0000000702200000, 0x0000000702200000|100%| O|  |TAMS 0x0000000702000000| PB 0x0000000702000000| Untracked 
|   3|0x0000000702200000, 0x0000000702400000, 0x0000000702400000|100%| O|  |TAMS 0x0000000702200000| PB 0x0000000702200000| Untracked 
|   4|0x0000000702400000, 0x0000000702600000, 0x0000000702600000|100%| O|  |TAMS 0x0000000702400000| PB 0x0000000702400000| Untracked 
|   5|0x0000000702600000, 0x0000000702800000, 0x0000000702800000|100%| O|  |TAMS 0x0000000702600000| PB 0x0000000702600000| Untracked 
|   6|0x0000000702800000, 0x0000000702a00000, 0x0000000702a00000|100%| O|  |TAMS 0x0000000702800000| PB 0x0000000702800000| Untracked 
|   7|0x0000000702a00000, 0x0000000702c00000, 0x0000000702c00000|100%| O|  |TAMS 0x0000000702a00000| PB 0x0000000702a00000| Untracked 
|   8|0x0000000702c00000, 0x0000000702e00000, 0x0000000702e00000|100%| O|  |TAMS 0x0000000702c00000| PB 0x0000000702c00000| Untracked 
|   9|0x0000000702e00000, 0x0000000703000000, 0x0000000703000000|100%| O|  |TAMS 0x0000000702e00000| PB 0x0000000702e00000| Untracked 
|  10|0x0000000703000000, 0x0000000703200000, 0x0000000703200000|100%| O|  |TAMS 0x0000000703000000| PB 0x0000000703000000| Untracked 
|  11|0x0000000703200000, 0x0000000703400000, 0x0000000703400000|100%| O|  |TAMS 0x0000000703200000| PB 0x0000000703200000| Untracked 
|  12|0x0000000703400000, 0x0000000703600000, 0x0000000703600000|100%| O|Cm|TAMS 0x0000000703400000| PB 0x0000000703400000| Complete 
|  13|0x0000000703600000, 0x0000000703800000, 0x0000000703800000|100%| O|  |TAMS 0x0000000703600000| PB 0x0000000703600000| Untracked 
|  14|0x0000000703800000, 0x0000000703a00000, 0x0000000703a00000|100%| O|  |TAMS 0x0000000703800000| PB 0x0000000703800000| Untracked 
|  15|0x0000000703a00000, 0x0000000703c00000, 0x0000000703c00000|100%|HS|  |TAMS 0x0000000703a00000| PB 0x0000000703a00000| Complete 
|  16|0x0000000703c00000, 0x0000000703e00000, 0x0000000703e00000|100%| O|  |TAMS 0x0000000703c00000| PB 0x0000000703c00000| Untracked 
|  17|0x0000000703e00000, 0x0000000703e00000, 0x0000000704000000|  0%| F|  |TAMS 0x0000000703e00000| PB 0x0000000703e00000| Untracked 
|  18|0x0000000704000000, 0x0000000704200000, 0x0000000704200000|100%| O|  |TAMS 0x0000000704000000| PB 0x0000000704000000| Untracked 
|  19|0x0000000704200000, 0x0000000704400000, 0x0000000704400000|100%| O|  |TAMS 0x0000000704200000| PB 0x0000000704200000| Untracked 
|  20|0x0000000704400000, 0x0000000704600000, 0x0000000704600000|100%| O|  |TAMS 0x0000000704400000| PB 0x0000000704400000| Untracked 
|  21|0x0000000704600000, 0x0000000704800000, 0x0000000704800000|100%| O|  |TAMS 0x0000000704600000| PB 0x0000000704600000| Untracked 
|  22|0x0000000704800000, 0x0000000704a00000, 0x0000000704a00000|100%| O|  |TAMS 0x0000000704800000| PB 0x0000000704800000| Untracked 
|  23|0x0000000704a00000, 0x0000000704c00000, 0x0000000704c00000|100%| O|  |TAMS 0x0000000704a00000| PB 0x0000000704a00000| Untracked 
|  24|0x0000000704c00000, 0x0000000704e00000, 0x0000000704e00000|100%| O|  |TAMS 0x0000000704c00000| PB 0x0000000704c00000| Untracked 
|  25|0x0000000704e00000, 0x0000000705000000, 0x0000000705000000|100%| O|  |TAMS 0x0000000704e00000| PB 0x0000000704e00000| Untracked 
|  26|0x0000000705000000, 0x0000000705200000, 0x0000000705200000|100%| O|  |TAMS 0x0000000705000000| PB 0x0000000705000000| Untracked 
|  27|0x0000000705200000, 0x0000000705400000, 0x0000000705400000|100%| O|  |TAMS 0x0000000705200000| PB 0x0000000705200000| Untracked 
|  28|0x0000000705400000, 0x0000000705600000, 0x0000000705600000|100%| O|  |TAMS 0x0000000705400000| PB 0x0000000705400000| Untracked 
|  29|0x0000000705600000, 0x0000000705800000, 0x0000000705800000|100%| O|  |TAMS 0x0000000705600000| PB 0x0000000705600000| Untracked 
|  30|0x0000000705800000, 0x0000000705a00000, 0x0000000705a00000|100%| O|  |TAMS 0x0000000705800000| PB 0x0000000705800000| Untracked 
|  31|0x0000000705a00000, 0x0000000705c00000, 0x0000000705c00000|100%| O|Cm|TAMS 0x0000000705a00000| PB 0x0000000705a00000| Complete 
|  32|0x0000000705c00000, 0x0000000705e00000, 0x0000000705e00000|100%| O|  |TAMS 0x0000000705c00000| PB 0x0000000705c00000| Untracked 
|  33|0x0000000705e00000, 0x0000000706000000, 0x0000000706000000|100%| O|  |TAMS 0x0000000705e00000| PB 0x0000000705e00000| Untracked 
|  34|0x0000000706000000, 0x0000000706200000, 0x0000000706200000|100%| O|  |TAMS 0x0000000706000000| PB 0x0000000706000000| Untracked 
|  35|0x0000000706200000, 0x0000000706400000, 0x0000000706400000|100%| O|  |TAMS 0x0000000706200000| PB 0x0000000706200000| Untracked 
|  36|0x0000000706400000, 0x0000000706600000, 0x0000000706600000|100%| O|  |TAMS 0x0000000706400000| PB 0x0000000706400000| Untracked 
|  37|0x0000000706600000, 0x0000000706800000, 0x0000000706800000|100%| O|Cm|TAMS 0x0000000706600000| PB 0x0000000706600000| Complete 
|  38|0x0000000706800000, 0x0000000706a00000, 0x0000000706a00000|100%| O|  |TAMS 0x0000000706800000| PB 0x0000000706800000| Untracked 
|  39|0x0000000706a00000, 0x0000000706c00000, 0x0000000706c00000|100%| O|Cm|TAMS 0x0000000706a00000| PB 0x0000000706a00000| Complete 
|  40|0x0000000706c00000, 0x0000000706e00000, 0x0000000706e00000|100%| O|  |TAMS 0x0000000706c00000| PB 0x0000000706c00000| Untracked 
|  41|0x0000000706e00000, 0x0000000707000000, 0x0000000707000000|100%| O|  |TAMS 0x0000000706e00000| PB 0x0000000706e00000| Untracked 
|  42|0x0000000707000000, 0x0000000707200000, 0x0000000707200000|100%| O|Cm|TAMS 0x0000000707000000| PB 0x0000000707000000| Complete 
|  43|0x0000000707200000, 0x0000000707400000, 0x0000000707400000|100%| O|  |TAMS 0x0000000707200000| PB 0x0000000707200000| Untracked 
|  44|0x0000000707400000, 0x0000000707600000, 0x0000000707600000|100%| O|  |TAMS 0x0000000707400000| PB 0x0000000707400000| Untracked 
|  45|0x0000000707600000, 0x0000000707800000, 0x0000000707800000|100%| O|  |TAMS 0x0000000707600000| PB 0x0000000707600000| Untracked 
|  46|0x0000000707800000, 0x0000000707a00000, 0x0000000707a00000|100%| O|  |TAMS 0x0000000707800000| PB 0x0000000707800000| Untracked 
|  47|0x0000000707a00000, 0x0000000707c00000, 0x0000000707c00000|100%| O|Cm|TAMS 0x0000000707a00000| PB 0x0000000707a00000| Complete 
|  48|0x0000000707c00000, 0x0000000707e00000, 0x0000000707e00000|100%| O|  |TAMS 0x0000000707c00000| PB 0x0000000707c00000| Untracked 
|  49|0x0000000707e00000, 0x0000000708000000, 0x0000000708000000|100%| O|  |TAMS 0x0000000707e00000| PB 0x0000000707e00000| Untracked 
|  50|0x0000000708000000, 0x0000000708200000, 0x0000000708200000|100%| O|  |TAMS 0x0000000708000000| PB 0x0000000708000000| Untracked 
|  51|0x0000000708200000, 0x0000000708400000, 0x0000000708400000|100%| O|Cm|TAMS 0x0000000708200000| PB 0x0000000708200000| Complete 
|  52|0x0000000708400000, 0x0000000708600000, 0x0000000708600000|100%| O|Cm|TAMS 0x0000000708400000| PB 0x0000000708400000| Complete 
|  53|0x0000000708600000, 0x0000000708800000, 0x0000000708800000|100%| O|  |TAMS 0x0000000708600000| PB 0x0000000708600000| Untracked 
|  54|0x0000000708800000, 0x0000000708a00000, 0x0000000708a00000|100%| O|Cm|TAMS 0x0000000708800000| PB 0x0000000708800000| Complete 
|  55|0x0000000708a00000, 0x0000000708c00000, 0x0000000708c00000|100%| O|Cm|TAMS 0x0000000708a00000| PB 0x0000000708a00000| Complete 
|  56|0x0000000708c00000, 0x0000000708e00000, 0x0000000708e00000|100%| O|Cm|TAMS 0x0000000708c00000| PB 0x0000000708c00000| Complete 
|  57|0x0000000708e00000, 0x0000000709000000, 0x0000000709000000|100%| O|Cm|TAMS 0x0000000708e00000| PB 0x0000000708e00000| Complete 
|  58|0x0000000709000000, 0x0000000709200000, 0x0000000709200000|100%| O|Cm|TAMS 0x0000000709000000| PB 0x0000000709000000| Complete 
|  59|0x0000000709200000, 0x0000000709400000, 0x0000000709400000|100%| O|Cm|TAMS 0x0000000709200000| PB 0x0000000709200000| Complete 
|  60|0x0000000709400000, 0x0000000709600000, 0x0000000709600000|100%| O|  |TAMS 0x0000000709400000| PB 0x0000000709400000| Untracked 
|  61|0x0000000709600000, 0x0000000709800000, 0x0000000709800000|100%| O|  |TAMS 0x0000000709600000| PB 0x0000000709600000| Untracked 
|  62|0x0000000709800000, 0x0000000709a00000, 0x0000000709a00000|100%| O|  |TAMS 0x0000000709800000| PB 0x0000000709800000| Untracked 
|  63|0x0000000709a00000, 0x0000000709c00000, 0x0000000709c00000|100%| O|  |TAMS 0x0000000709a00000| PB 0x0000000709a00000| Untracked 
|  64|0x0000000709c00000, 0x0000000709e00000, 0x0000000709e00000|100%| O|  |TAMS 0x0000000709c00000| PB 0x0000000709c00000| Untracked 
|  65|0x0000000709e00000, 0x000000070a000000, 0x000000070a000000|100%| O|  |TAMS 0x0000000709e00000| PB 0x0000000709e00000| Untracked 
|  66|0x000000070a000000, 0x000000070a200000, 0x000000070a200000|100%| O|  |TAMS 0x000000070a000000| PB 0x000000070a000000| Untracked 
|  67|0x000000070a200000, 0x000000070a400000, 0x000000070a400000|100%| O|  |TAMS 0x000000070a200000| PB 0x000000070a200000| Untracked 
|  68|0x000000070a400000, 0x000000070a600000, 0x000000070a600000|100%| O|  |TAMS 0x000000070a400000| PB 0x000000070a400000| Untracked 
|  69|0x000000070a600000, 0x000000070a800000, 0x000000070a800000|100%| O|  |TAMS 0x000000070a600000| PB 0x000000070a600000| Untracked 
|  70|0x000000070a800000, 0x000000070aa00000, 0x000000070aa00000|100%| O|  |TAMS 0x000000070a800000| PB 0x000000070a800000| Untracked 
|  71|0x000000070aa00000, 0x000000070ac00000, 0x000000070ac00000|100%| O|  |TAMS 0x000000070aa00000| PB 0x000000070aa00000| Untracked 
|  72|0x000000070ac00000, 0x000000070ae00000, 0x000000070ae00000|100%| O|  |TAMS 0x000000070ac00000| PB 0x000000070ac00000| Untracked 
|  73|0x000000070ae00000, 0x000000070b000000, 0x000000070b000000|100%| O|  |TAMS 0x000000070ae00000| PB 0x000000070ae00000| Untracked 
|  74|0x000000070b000000, 0x000000070b200000, 0x000000070b200000|100%| O|  |TAMS 0x000000070b000000| PB 0x000000070b000000| Untracked 
|  75|0x000000070b200000, 0x000000070b200000, 0x000000070b400000|  0%| F|  |TAMS 0x000000070b200000| PB 0x000000070b200000| Untracked 
|  76|0x000000070b400000, 0x000000070b400000, 0x000000070b600000|  0%| F|  |TAMS 0x000000070b400000| PB 0x000000070b400000| Untracked 
|  77|0x000000070b600000, 0x000000070b800000, 0x000000070b800000|100%| O|  |TAMS 0x000000070b600000| PB 0x000000070b600000| Untracked 
|  78|0x000000070b800000, 0x000000070b800000, 0x000000070ba00000|  0%| F|  |TAMS 0x000000070b800000| PB 0x000000070b800000| Untracked 
|  79|0x000000070ba00000, 0x000000070ba00000, 0x000000070bc00000|  0%| F|  |TAMS 0x000000070ba00000| PB 0x000000070ba00000| Untracked 
|  80|0x000000070bc00000, 0x000000070bc00000, 0x000000070be00000|  0%| F|  |TAMS 0x000000070bc00000| PB 0x000000070bc00000| Untracked 
|  81|0x000000070be00000, 0x000000070be00000, 0x000000070c000000|  0%| F|  |TAMS 0x000000070be00000| PB 0x000000070be00000| Untracked 
|  82|0x000000070c000000, 0x000000070c000000, 0x000000070c200000|  0%| F|  |TAMS 0x000000070c000000| PB 0x000000070c000000| Untracked 
|  83|0x000000070c200000, 0x000000070c200000, 0x000000070c400000|  0%| F|  |TAMS 0x000000070c200000| PB 0x000000070c200000| Untracked 
|  84|0x000000070c400000, 0x000000070c400000, 0x000000070c600000|  0%| F|  |TAMS 0x000000070c400000| PB 0x000000070c400000| Untracked 
|  85|0x000000070c600000, 0x000000070c600000, 0x000000070c800000|  0%| F|  |TAMS 0x000000070c600000| PB 0x000000070c600000| Untracked 
|  86|0x000000070c800000, 0x000000070c9a6ee0, 0x000000070ca00000| 82%| S|CS|TAMS 0x000000070c800000| PB 0x000000070c800000| Complete 
|  87|0x000000070ca00000, 0x000000070cc00000, 0x000000070cc00000|100%| S|CS|TAMS 0x000000070ca00000| PB 0x000000070ca00000| Complete 
|  88|0x000000070cc00000, 0x000000070cc00000, 0x000000070ce00000|  0%| F|  |TAMS 0x000000070cc00000| PB 0x000000070cc00000| Untracked 
|  89|0x000000070ce00000, 0x000000070ce00000, 0x000000070d000000|  0%| F|  |TAMS 0x000000070ce00000| PB 0x000000070ce00000| Untracked 
|  90|0x000000070d000000, 0x000000070d000000, 0x000000070d200000|  0%| F|  |TAMS 0x000000070d000000| PB 0x000000070d000000| Untracked 
|  91|0x000000070d200000, 0x000000070d200000, 0x000000070d400000|  0%| F|  |TAMS 0x000000070d200000| PB 0x000000070d200000| Untracked 
|  92|0x000000070d400000, 0x000000070d400000, 0x000000070d600000|  0%| F|  |TAMS 0x000000070d400000| PB 0x000000070d400000| Untracked 
|  93|0x000000070d600000, 0x000000070d600000, 0x000000070d800000|  0%| F|  |TAMS 0x000000070d600000| PB 0x000000070d600000| Untracked 
|  94|0x000000070d800000, 0x000000070d800000, 0x000000070da00000|  0%| F|  |TAMS 0x000000070d800000| PB 0x000000070d800000| Untracked 
|  95|0x000000070da00000, 0x000000070da00000, 0x000000070dc00000|  0%| F|  |TAMS 0x000000070da00000| PB 0x000000070da00000| Untracked 
|  96|0x000000070dc00000, 0x000000070dc00000, 0x000000070de00000|  0%| F|  |TAMS 0x000000070dc00000| PB 0x000000070dc00000| Untracked 
|  97|0x000000070de00000, 0x000000070de00000, 0x000000070e000000|  0%| F|  |TAMS 0x000000070de00000| PB 0x000000070de00000| Untracked 
|  98|0x000000070e000000, 0x000000070e000000, 0x000000070e200000|  0%| F|  |TAMS 0x000000070e000000| PB 0x000000070e000000| Untracked 
|  99|0x000000070e200000, 0x000000070e200000, 0x000000070e400000|  0%| F|  |TAMS 0x000000070e200000| PB 0x000000070e200000| Untracked 
| 100|0x000000070e400000, 0x000000070e400000, 0x000000070e600000|  0%| F|  |TAMS 0x000000070e400000| PB 0x000000070e400000| Untracked 
| 101|0x000000070e600000, 0x000000070e600000, 0x000000070e800000|  0%| F|  |TAMS 0x000000070e600000| PB 0x000000070e600000| Untracked 
| 102|0x000000070e800000, 0x000000070e800000, 0x000000070ea00000|  0%| F|  |TAMS 0x000000070e800000| PB 0x000000070e800000| Untracked 
| 103|0x000000070ea00000, 0x000000070ea00000, 0x000000070ec00000|  0%| F|  |TAMS 0x000000070ea00000| PB 0x000000070ea00000| Untracked 
| 104|0x000000070ec00000, 0x000000070ec00000, 0x000000070ee00000|  0%| F|  |TAMS 0x000000070ec00000| PB 0x000000070ec00000| Untracked 
| 105|0x000000070ee00000, 0x000000070ee00000, 0x000000070f000000|  0%| F|  |TAMS 0x000000070ee00000| PB 0x000000070ee00000| Untracked 
| 106|0x000000070f000000, 0x000000070f000000, 0x000000070f200000|  0%| F|  |TAMS 0x000000070f000000| PB 0x000000070f000000| Untracked 
| 107|0x000000070f200000, 0x000000070f200000, 0x000000070f400000|  0%| F|  |TAMS 0x000000070f200000| PB 0x000000070f200000| Untracked 
| 108|0x000000070f400000, 0x000000070f400000, 0x000000070f600000|  0%| F|  |TAMS 0x000000070f400000| PB 0x000000070f400000| Untracked 
| 109|0x000000070f600000, 0x000000070f600000, 0x000000070f800000|  0%| F|  |TAMS 0x000000070f600000| PB 0x000000070f600000| Untracked 
| 110|0x000000070f800000, 0x000000070f800000, 0x000000070fa00000|  0%| F|  |TAMS 0x000000070f800000| PB 0x000000070f800000| Untracked 
| 111|0x000000070fa00000, 0x000000070fc00000, 0x000000070fc00000|100%| E|CS|TAMS 0x000000070fa00000| PB 0x000000070fa00000| Complete 
| 112|0x000000070fc00000, 0x000000070fc00000, 0x000000070fe00000|  0%| F|  |TAMS 0x000000070fc00000| PB 0x000000070fc00000| Untracked 
| 113|0x000000070fe00000, 0x000000070fe00000, 0x0000000710000000|  0%| F|  |TAMS 0x000000070fe00000| PB 0x000000070fe00000| Untracked 
| 114|0x0000000710000000, 0x0000000710000000, 0x0000000710200000|  0%| F|  |TAMS 0x0000000710000000| PB 0x0000000710000000| Untracked 
| 115|0x0000000710200000, 0x0000000710200000, 0x0000000710400000|  0%| F|  |TAMS 0x0000000710200000| PB 0x0000000710200000| Untracked 
| 116|0x0000000710400000, 0x0000000710400000, 0x0000000710600000|  0%| F|  |TAMS 0x0000000710400000| PB 0x0000000710400000| Untracked 
| 117|0x0000000710600000, 0x0000000710600000, 0x0000000710800000|  0%| F|  |TAMS 0x0000000710600000| PB 0x0000000710600000| Untracked 
| 118|0x0000000710800000, 0x0000000710800000, 0x0000000710a00000|  0%| F|  |TAMS 0x0000000710800000| PB 0x0000000710800000| Untracked 
| 119|0x0000000710a00000, 0x0000000710a00000, 0x0000000710c00000|  0%| F|  |TAMS 0x0000000710a00000| PB 0x0000000710a00000| Untracked 
| 120|0x0000000710c00000, 0x0000000710c00000, 0x0000000710e00000|  0%| F|  |TAMS 0x0000000710c00000| PB 0x0000000710c00000| Untracked 
| 121|0x0000000710e00000, 0x0000000710e00000, 0x0000000711000000|  0%| F|  |TAMS 0x0000000710e00000| PB 0x0000000710e00000| Untracked 
| 122|0x0000000711000000, 0x0000000711000000, 0x0000000711200000|  0%| F|  |TAMS 0x0000000711000000| PB 0x0000000711000000| Untracked 
| 123|0x0000000711200000, 0x0000000711200000, 0x0000000711400000|  0%| F|  |TAMS 0x0000000711200000| PB 0x0000000711200000| Untracked 
| 124|0x0000000711400000, 0x0000000711400000, 0x0000000711600000|  0%| F|  |TAMS 0x0000000711400000| PB 0x0000000711400000| Untracked 
| 125|0x0000000711600000, 0x0000000711600000, 0x0000000711800000|  0%| F|  |TAMS 0x0000000711600000| PB 0x0000000711600000| Untracked 
| 126|0x0000000711800000, 0x0000000711800000, 0x0000000711a00000|  0%| F|  |TAMS 0x0000000711800000| PB 0x0000000711800000| Untracked 
| 127|0x0000000711a00000, 0x0000000711c00000, 0x0000000711c00000|100%| E|CS|TAMS 0x0000000711a00000| PB 0x0000000711a00000| Complete 
| 128|0x0000000711c00000, 0x0000000711d00000, 0x0000000711e00000| 50%| E|  |TAMS 0x0000000711c00000| PB 0x0000000711c00000| Complete 
| 129|0x0000000711e00000, 0x0000000712000000, 0x0000000712000000|100%| E|CS|TAMS 0x0000000711e00000| PB 0x0000000711e00000| Complete 
|2029|0x00000007ff600000, 0x00000007ff800000, 0x00000007ff800000|100%| O|  |TAMS 0x00000007ff600000| PB 0x00000007ff600000| Untracked 
|2030|0x00000007ff800000, 0x00000007ffa00000, 0x00000007ffa00000|100%| O|  |TAMS 0x00000007ff800000| PB 0x00000007ff800000| Untracked 
|2031|0x00000007ffa00000, 0x00000007ffc00000, 0x00000007ffc00000|100%| O|  |TAMS 0x00000007ffa00000| PB 0x00000007ffa00000| Untracked 
|2032|0x00000007ffc00000, 0x00000007ffe00000, 0x00000007ffe00000|100%| O|  |TAMS 0x00000007ffc00000| PB 0x00000007ffc00000| Untracked 
|2033|0x00000007ffe00000, 0x0000000800000000, 0x0000000800000000|100%| E|CS|TAMS 0x00000007ffe00000| PB 0x00000007ffe00000| Complete 

Card table byte_map: [0x0000015aea650000,0x0000015aeae50000] _byte_map_base: 0x0000015ae6e42000

Marking Bits: (CMBitMap*) 0x0000015ad7a12680
 Bits: [0x0000015aeae50000, 0x0000015aeede0000)

Polling page: 0x0000015ad7180000

Metaspace:

Usage:
  Non-class:     78.14 MB used.
      Class:      9.27 MB used.
       Both:     87.41 MB used.

Virtual space:
  Non-class space:      128.00 MB reserved,      78.56 MB ( 61%) committed,  2 nodes.
      Class space:        1.00 GB reserved,       9.62 MB ( <1%) committed,  1 nodes.
             Both:        1.12 GB reserved,      88.19 MB (  8%) committed. 

Chunk freelists:
   Non-Class:  720.00 KB
       Class:  6.19 MB
        Both:  6.89 MB

MaxMetaspaceSize: unlimited
CompressedClassSpaceSize: 1.00 GB
Initial GC threshold: 21.00 MB
Current GC threshold: 146.56 MB
CDS: off
 - commit_granule_bytes: 65536.
 - commit_granule_words: 8192.
 - virtual_space_node_default_size: 8388608.
 - enlarge_chunks_in_place: 1.
 - use_allocation_guard: 0.


Internal statistics:

num_allocs_failed_limit: 9.
num_arena_births: 1478.
num_arena_deaths: 0.
num_vsnodes_births: 3.
num_vsnodes_deaths: 0.
num_space_committed: 1409.
num_space_uncommitted: 0.
num_chunks_returned_to_freelist: 9.
num_chunks_taken_from_freelist: 4633.
num_chunk_merges: 9.
num_chunk_splits: 3504.
num_chunks_enlarged: 2726.
num_inconsistent_stats: 0.

CodeHeap 'non-profiled nmethods': size=120000Kb used=14108Kb max_used=15756Kb free=105891Kb
 bounds [0x0000015ae25f0000, 0x0000015ae3560000, 0x0000015ae9b20000]
CodeHeap 'profiled nmethods': size=120000Kb used=50321Kb max_used=58179Kb free=69679Kb
 bounds [0x0000015adab20000, 0x0000015ade400000, 0x0000015ae2050000]
CodeHeap 'non-nmethods': size=5760Kb used=1653Kb max_used=1751Kb free=4107Kb
 bounds [0x0000015ae2050000, 0x0000015ae22c0000, 0x0000015ae25f0000]
CodeCache: size=245760Kb, used=66082Kb, max_used=75686Kb, free=179677Kb
 total_blobs=16500, nmethods=15711, adapters=689, full_count=0
Compilation: enabled, stopped_count=0, restarted_count=0

Compilation events (20 events):
Event: 34.398 Thread 0x0000015af1a54cb0 nmethod 22631 0x0000015adb5c4290 code [0x0000015adb5c44c0, 0x0000015adb5c4b60]
Event: 34.398 Thread 0x0000015af1a54cb0 22638       3       org.jetbrains.kotlin.backend.jvm.lower.BridgeLoweringKt::overriddenFromClass (128 bytes)
Event: 34.400 Thread 0x0000015af1a54cb0 nmethod 22638 0x0000015adba71890 code [0x0000015adba71d00, 0x0000015adba73e38]
Event: 34.400 Thread 0x0000015af1a54cb0 22632       3       org.jetbrains.kotlin.backend.common.phaser.PhaseConfig::isVerbose (17 bytes)
Event: 34.401 Thread 0x0000015af1a54cb0 nmethod 22632 0x0000015adb696010 code [0x0000015adb696240, 0x0000015adb6968d0]
Event: 34.401 Thread 0x0000015af1a54cb0 22634       3       org.jetbrains.kotlin.backend.common.phaser.NamedCompilerPhase::phaseBody (33 bytes)
Event: 34.402 Thread 0x0000015af1a54cb0 nmethod 22634 0x0000015adb926290 code [0x0000015adb9265a0, 0x0000015adb927548]
Event: 34.402 Thread 0x0000015af1a54cb0 22635       3       org.jetbrains.kotlin.ir.util.DeepCopySymbolRemapper::visitConstructorCall (13 bytes)
Event: 34.403 Thread 0x0000015af1a54cb0 nmethod 22635 0x0000015adb0eaa90 code [0x0000015adb0eace0, 0x0000015adb0eb5b0]
Event: 34.403 Thread 0x0000015af1a54cb0 22636       1       org.jetbrains.kotlin.ir.expressions.impl.IrVarargImpl::getType (5 bytes)
Event: 34.403 Thread 0x0000015af1a54cb0 nmethod 22636 0x0000015ae2625610 code [0x0000015ae26257a0, 0x0000015ae2625870]
Event: 34.408 Thread 0x0000015af1a54cb0 22639       3       org.jetbrains.kotlin.builtins.PrimitiveType$Companion::getByShortArrayName (231 bytes)
Event: 34.409 Thread 0x0000015af1a54cb0 nmethod 22639 0x0000015adb465490 code [0x0000015adb4657c0, 0x0000015adb4664a8]
Event: 34.410 Thread 0x0000015af1a54cb0 22640       3       org.jetbrains.kotlin.backend.common.lower.SpecialBridgeMethods$SpecialMethodDescription::<init> (26 bytes)
Event: 34.411 Thread 0x0000015af1a54cb0 nmethod 22640 0x0000015adb7dbe10 code [0x0000015adb7dc040, 0x0000015adb7dc728]
Event: 34.411 Thread 0x0000015af1a54cb0 22641       1       org.jetbrains.kotlin.backend.common.lower.SpecialBridgeMethods$SpecialMethodDescription::getName (5 bytes)
Event: 34.411 Thread 0x0000015af1a54cb0 nmethod 22641 0x0000015ae2655810 code [0x0000015ae26559a0, 0x0000015ae2655a70]
Event: 34.411 Thread 0x0000015af1a54cb0 22642       3       org.jetbrains.kotlin.backend.common.ClassLoweringVisitor::visitConstructorCall (13 bytes)
Event: 34.411 Thread 0x0000015af1a54cb0 nmethod 22642 0x0000015adbfd3690 code [0x0000015adbfd3980, 0x0000015adbfd4768]
Event: 34.411 Thread 0x0000015af1a54cb0 22646       3       org.jetbrains.kotlin.backend.common.BodyLoweringVisitor::visitClass (168 bytes)

GC Heap History (20 events):
Event: 19.143 GC heap before
{Heap before GC invocations=32 (full 0):
 garbage-first heap   total 178176K, used 160798K [0x0000000701c00000, 0x0000000800000000)
  region size 2048K, 29 young (59392K), 2 survivors (4096K)
 Metaspace       used 65136K, committed 65792K, reserved 1114112K
  class space    used 7244K, committed 7552K, reserved 1048576K
}
Event: 19.154 GC heap after
{Heap after GC invocations=33 (full 0):
 garbage-first heap   total 178176K, used 111085K [0x0000000701c00000, 0x0000000800000000)
  region size 2048K, 4 young (8192K), 4 survivors (8192K)
 Metaspace       used 65136K, committed 65792K, reserved 1114112K
  class space    used 7244K, committed 7552K, reserved 1048576K
}
Event: 20.685 GC heap before
{Heap before GC invocations=34 (full 0):
 garbage-first heap   total 188416K, used 162285K [0x0000000701c00000, 0x0000000800000000)
  region size 2048K, 29 young (59392K), 4 survivors (8192K)
 Metaspace       used 65439K, committed 66112K, reserved 1114112K
  class space    used 7270K, committed 7616K, reserved 1048576K
}
Event: 20.703 GC heap after
{Heap after GC invocations=35 (full 0):
 garbage-first heap   total 188416K, used 116445K [0x0000000701c00000, 0x0000000800000000)
  region size 2048K, 3 young (6144K), 3 survivors (6144K)
 Metaspace       used 65439K, committed 66112K, reserved 1114112K
  class space    used 7270K, committed 7616K, reserved 1048576K
}
Event: 21.933 GC heap before
{Heap before GC invocations=35 (full 0):
 garbage-first heap   total 188416K, used 171741K [0x0000000701c00000, 0x0000000800000000)
  region size 2048K, 30 young (61440K), 3 survivors (6144K)
 Metaspace       used 65599K, committed 66304K, reserved 1114112K
  class space    used 7271K, committed 7616K, reserved 1048576K
}
Event: 21.947 GC heap after
{Heap after GC invocations=36 (full 0):
 garbage-first heap   total 188416K, used 118784K [0x0000000701c00000, 0x0000000800000000)
  region size 2048K, 4 young (8192K), 4 survivors (8192K)
 Metaspace       used 65599K, committed 66304K, reserved 1114112K
  class space    used 7271K, committed 7616K, reserved 1048576K
}
Event: 23.355 GC heap before
{Heap before GC invocations=36 (full 0):
 garbage-first heap   total 188416K, used 174080K [0x0000000701c00000, 0x0000000800000000)
  region size 2048K, 31 young (63488K), 4 survivors (8192K)
 Metaspace       used 65761K, committed 66432K, reserved 1114112K
  class space    used 7272K, committed 7616K, reserved 1048576K
}
Event: 23.374 GC heap after
{Heap after GC invocations=37 (full 0):
 garbage-first heap   total 229376K, used 123595K [0x0000000701c00000, 0x0000000800000000)
  region size 2048K, 3 young (6144K), 3 survivors (6144K)
 Metaspace       used 65761K, committed 66432K, reserved 1114112K
  class space    used 7272K, committed 7616K, reserved 1048576K
}
Event: 25.062 GC heap before
{Heap before GC invocations=38 (full 0):
 garbage-first heap   total 229376K, used 205515K [0x0000000701c00000, 0x0000000800000000)
  region size 2048K, 43 young (88064K), 3 survivors (6144K)
 Metaspace       used 67220K, committed 67904K, reserved 1114112K
  class space    used 7412K, committed 7744K, reserved 1048576K
}
Event: 25.074 GC heap after
{Heap after GC invocations=39 (full 0):
 garbage-first heap   total 229376K, used 128800K [0x0000000701c00000, 0x0000000800000000)
  region size 2048K, 5 young (10240K), 5 survivors (10240K)
 Metaspace       used 67220K, committed 67904K, reserved 1114112K
  class space    used 7412K, committed 7744K, reserved 1048576K
}
Event: 26.071 GC heap before
{Heap before GC invocations=39 (full 0):
 garbage-first heap   total 229376K, used 206624K [0x0000000701c00000, 0x0000000800000000)
  region size 2048K, 43 young (88064K), 5 survivors (10240K)
 Metaspace       used 68119K, committed 68736K, reserved 1114112K
  class space    used 7450K, committed 7744K, reserved 1048576K
}
Event: 26.086 GC heap after
{Heap after GC invocations=40 (full 0):
 garbage-first heap   total 229376K, used 129537K [0x0000000701c00000, 0x0000000800000000)
  region size 2048K, 4 young (8192K), 4 survivors (8192K)
 Metaspace       used 68119K, committed 68736K, reserved 1114112K
  class space    used 7450K, committed 7744K, reserved 1048576K
}
Event: 28.555 GC heap before
{Heap before GC invocations=40 (full 0):
 garbage-first heap   total 229376K, used 211457K [0x0000000701c00000, 0x0000000800000000)
  region size 2048K, 44 young (90112K), 4 survivors (8192K)
 Metaspace       used 76004K, committed 76800K, reserved 1179648K
  class space    used 8216K, committed 8640K, reserved 1048576K
}
Event: 28.579 GC heap after
{Heap after GC invocations=41 (full 0):
 garbage-first heap   total 231424K, used 139614K [0x0000000701c00000, 0x0000000800000000)
  region size 2048K, 6 young (12288K), 6 survivors (12288K)
 Metaspace       used 76004K, committed 76800K, reserved 1179648K
  class space    used 8216K, committed 8640K, reserved 1048576K
}
Event: 30.118 GC heap before
{Heap before GC invocations=42 (full 0):
 garbage-first heap   total 235520K, used 211294K [0x0000000701c00000, 0x0000000800000000)
  region size 2048K, 41 young (83968K), 6 survivors (12288K)
 Metaspace       used 78394K, committed 79168K, reserved 1179648K
  class space    used 8456K, committed 8832K, reserved 1048576K
}
Event: 30.152 GC heap after
{Heap after GC invocations=43 (full 0):
 garbage-first heap   total 237568K, used 151552K [0x0000000701c00000, 0x0000000800000000)
  region size 2048K, 6 young (12288K), 6 survivors (12288K)
 Metaspace       used 78394K, committed 79168K, reserved 1179648K
  class space    used 8456K, committed 8832K, reserved 1048576K
}
Event: 32.295 GC heap before
{Heap before GC invocations=43 (full 0):
 garbage-first heap   total 237568K, used 212992K [0x0000000701c00000, 0x0000000800000000)
  region size 2048K, 36 young (73728K), 6 survivors (12288K)
 Metaspace       used 80327K, committed 81216K, reserved 1179648K
  class space    used 8673K, committed 9088K, reserved 1048576K
}
Event: 32.334 GC heap after
{Heap after GC invocations=44 (full 0):
 garbage-first heap   total 241664K, used 162646K [0x0000000701c00000, 0x0000000800000000)
  region size 2048K, 5 young (10240K), 5 survivors (10240K)
 Metaspace       used 80327K, committed 81216K, reserved 1179648K
  class space    used 8673K, committed 9088K, reserved 1048576K
}
Event: 33.942 GC heap before
{Heap before GC invocations=44 (full 0):
 garbage-first heap   total 241664K, used 215894K [0x0000000701c00000, 0x0000000800000000)
  region size 2048K, 31 young (63488K), 5 survivors (10240K)
 Metaspace       used 88473K, committed 89280K, reserved 1179648K
  class space    used 9415K, committed 9792K, reserved 1048576K
}
Event: 33.960 GC heap after
{Heap after GC invocations=45 (full 0):
 garbage-first heap   total 241664K, used 167579K [0x0000000701c00000, 0x0000000800000000)
  region size 2048K, 2 young (4096K), 2 survivors (4096K)
 Metaspace       used 88473K, committed 89280K, reserved 1179648K
  class space    used 9415K, committed 9792K, reserved 1048576K
}

Dll operation events (3 events):
Event: 0.011 Loaded shared library C:\Program Files\Android\Android Studio\jbr\bin\java.dll
Event: 0.021 Loaded shared library C:\Program Files\Android\Android Studio\jbr\bin\zip.dll
Event: 1.142 Loaded shared library C:\Program Files\Android\Android Studio\jbr\bin\verify.dll

Deoptimization events (20 events):
Event: 34.280 Thread 0x0000015ad56ae0a0 DEOPT PACKING pc=0x0000015ae35446fc sp=0x00000050dd7fd580
Event: 34.280 Thread 0x0000015ad56ae0a0 DEOPT UNPACKING pc=0x0000015ae20a4422 sp=0x00000050dd7fd4f8 mode 2
Event: 34.349 Thread 0x0000015ad56ae0a0 DEOPT PACKING pc=0x0000015ae2fcab0c sp=0x00000050dd7fd6f0
Event: 34.349 Thread 0x0000015ad56ae0a0 DEOPT UNPACKING pc=0x0000015ae20a4bc2 sp=0x00000050dd7fcbb0 mode 0
Event: 34.384 Thread 0x0000015ad56ae0a0 Uncommon trap: trap_request=0xffffff45 fr.pc=0x0000015ae354c4f0 relative=0x0000000000000450
Event: 34.384 Thread 0x0000015ad56ae0a0 Uncommon trap: reason=unstable_if action=reinterpret pc=0x0000015ae354c4f0 method=org.jetbrains.kotlin.ir.util.TransformKt.replaceInPlace(Ljava/util/List;Ljava/util/List;I)I @ 44 c2
Event: 34.384 Thread 0x0000015ad56ae0a0 DEOPT PACKING pc=0x0000015ae354c4f0 sp=0x00000050dd7fd5f0
Event: 34.384 Thread 0x0000015ad56ae0a0 DEOPT UNPACKING pc=0x0000015ae20a4422 sp=0x00000050dd7fd5b8 mode 2
Event: 34.395 Thread 0x0000015ad56ae0a0 Uncommon trap: trap_request=0xffffff45 fr.pc=0x0000015ae353b010 relative=0x0000000000002cb0
Event: 34.395 Thread 0x0000015ad56ae0a0 Uncommon trap: reason=unstable_if action=reinterpret pc=0x0000015ae353b010 method=org.jetbrains.kotlin.ir.util.IrFakeOverrideUtilsKt$resolveFakeOverrideOrNull$2.invoke(Lorg/jetbrains/kotlin/ir/declarations/IrOverridableDeclaration;)Ljava/lang/Boolean; @ 1
Event: 34.395 Thread 0x0000015ad56ae0a0 DEOPT PACKING pc=0x0000015ae353b010 sp=0x00000050dd7fd2d0
Event: 34.395 Thread 0x0000015ad56ae0a0 DEOPT UNPACKING pc=0x0000015ae20a4422 sp=0x00000050dd7fd1e0 mode 2
Event: 34.395 Thread 0x0000015ad56ae0a0 Uncommon trap: trap_request=0xffffff45 fr.pc=0x0000015ae352d95c relative=0x000000000000011c
Event: 34.395 Thread 0x0000015ad56ae0a0 Uncommon trap: reason=unstable_if action=reinterpret pc=0x0000015ae352d95c method=org.jetbrains.kotlin.ir.util.IrFakeOverrideUtilsKt$resolveFakeOverrideOrNull$2.invoke(Lorg/jetbrains/kotlin/ir/declarations/IrOverridableDeclaration;)Ljava/lang/Boolean; @ 1
Event: 34.395 Thread 0x0000015ad56ae0a0 DEOPT PACKING pc=0x0000015ae352d95c sp=0x00000050dd7fd2b0
Event: 34.395 Thread 0x0000015ad56ae0a0 DEOPT UNPACKING pc=0x0000015ae20a4422 sp=0x00000050dd7fd1d0 mode 2
Event: 34.408 Thread 0x0000015ad56ae0a0 Uncommon trap: trap_request=0xffffffde fr.pc=0x0000015ae340e224 relative=0x0000000000000e64
Event: 34.408 Thread 0x0000015ad56ae0a0 Uncommon trap: reason=class_check action=maybe_recompile pc=0x0000015ae340e224 method=org.jetbrains.kotlin.ir.types.IrTypePredicatesKt.getPrimitiveOrUnsignedType(Lorg/jetbrains/kotlin/ir/types/IrType;Ljava/util/Map;Ljava/util/Map;)Ljava/lang/Enum; @ 40 c2
Event: 34.408 Thread 0x0000015ad56ae0a0 DEOPT PACKING pc=0x0000015ae340e224 sp=0x00000050dd7fd700
Event: 34.408 Thread 0x0000015ad56ae0a0 DEOPT UNPACKING pc=0x0000015ae20a4422 sp=0x00000050dd7fd6b0 mode 2

Classes loaded (20 events):
Event: 33.842 Loading class sun/security/provider/MD5
Event: 33.842 Loading class sun/security/provider/DigestBase
Event: 33.842 Loading class sun/security/provider/DigestBase done
Event: 33.842 Loading class sun/security/provider/MD5 done
Event: 33.843 Loading class sun/security/jca/GetInstance$Instance
Event: 33.843 Loading class sun/security/jca/GetInstance$Instance done
Event: 33.843 Loading class java/security/MessageDigest$Delegate
Event: 33.843 Loading class sun/security/util/MessageDigestSpi2
Event: 33.843 Loading class sun/security/util/MessageDigestSpi2 done
Event: 33.843 Loading class java/security/MessageDigest$Delegate done
Event: 33.844 Loading class java/security/MessageDigest$Delegate$CloneableDelegate
Event: 33.844 Loading class java/security/MessageDigest$Delegate$CloneableDelegate done
Event: 33.844 Loading class sun/security/provider/ByteArrayAccess$LE
Event: 33.844 Loading class sun/security/provider/ByteArrayAccess$LE done
Event: 33.844 Loading class sun/security/provider/ByteArrayAccess
Event: 33.844 Loading class sun/security/provider/ByteArrayAccess done
Event: 33.844 Loading class java/util/Base64
Event: 33.845 Loading class java/util/Base64 done
Event: 33.845 Loading class java/util/Base64$Encoder
Event: 33.845 Loading class java/util/Base64$Encoder done

Classes unloaded (0 events):
No events

Classes redefined (0 events):
No events

Internal exceptions (20 events):
Event: 24.755 Thread 0x0000015ad56ae0a0 Implicit null exception at 0x0000015ae301a781 to 0x0000015ae301ba88
Event: 24.983 Thread 0x0000015ad56ae0a0 Implicit null exception at 0x0000015ae2df7703 to 0x0000015ae2df8148
Event: 25.608 Thread 0x0000015ad56ae0a0 Implicit null exception at 0x0000015ae2951c30 to 0x0000015ae2952128
Event: 25.608 Thread 0x0000015ad56ae0a0 Implicit null exception at 0x0000015ae29b882a to 0x0000015ae29b8d58
Event: 25.609 Thread 0x0000015ad56ae0a0 Implicit null exception at 0x0000015ae293ab22 to 0x0000015ae293b030
Event: 26.200 Thread 0x0000015ad56ae0a0 Exception <a 'java/lang/NoSuchMethodError'{0x000000070f31d048}: 'int java.lang.invoke.Invokers$Holder.invokeExact_MT(java.lang.Object, java.lang.Object, java.lang.Object)'> (0x000000070f31d048) 
thrown [s\src\hotspot\share\interpreter\linkResolver.cpp, line 784]
Event: 26.200 Thread 0x0000015ad56ae0a0 Exception <a 'java/lang/NoSuchMethodError'{0x000000070f321780}: 'void java.lang.invoke.Invokers$Holder.invokeExact_MT(java.lang.Object, java.lang.Object, java.lang.Object, java.lang.Object)'> (0x000000070f321780) 
thrown [s\src\hotspot\share\interpreter\linkResolver.cpp, line 784]
Event: 26.210 Thread 0x0000015ad56ae0a0 Implicit null exception at 0x0000015ae2897b80 to 0x0000015ae2898150
Event: 26.211 Thread 0x0000015ad56ae0a0 Implicit null exception at 0x0000015ae2896563 to 0x0000015ae28969e0
Event: 26.221 Thread 0x0000015ad56ae0a0 Exception <a 'java/lang/NoSuchMethodError'{0x000000070f0546e0}: 'java.lang.Object java.lang.invoke.DirectMethodHandle$Holder.invokeStaticInit(java.lang.Object, java.lang.Object, java.lang.Object, java.lang.Object)'> (0x000000070f0546e0) 
thrown [s\src\hotspot\share\interpreter\linkResolver.cpp, line 784]
Event: 26.428 Thread 0x0000015ad56ae0a0 Exception <a 'java/lang/NoSuchMethodError'{0x000000070e5f3990}: 'java.lang.Object java.lang.invoke.DirectMethodHandle$Holder.newInvokeSpecial(java.lang.Object, java.lang.Object, java.lang.Object, int, int)'> (0x000000070e5f3990) 
thrown [s\src\hotspot\share\interpreter\linkResolver.cpp, line 784]
Event: 26.429 Thread 0x0000015ad56ae0a0 Exception <a 'java/lang/NoSuchMethodError'{0x000000070e5f7530}: 'java.lang.Object java.lang.invoke.DirectMethodHandle$Holder.invokeSpecial(java.lang.Object, java.lang.Object, java.lang.Object, java.lang.Object, int, int)'> (0x000000070e5f7530) 
thrown [s\src\hotspot\share\interpreter\linkResolver.cpp, line 784]
Event: 26.710 Thread 0x0000015ad56ae0a0 Implicit null exception at 0x0000015ae26fff40 to 0x0000015ae27001ec
Event: 26.864 Thread 0x0000015ad56ae0a0 Exception <a 'java/lang/NoSuchMethodError'{0x000000070d49a968}: 'java.lang.Object java.lang.invoke.DirectMethodHandle$Holder.invokeStatic(java.lang.Object, java.lang.Object, java.lang.Object, int, int, java.lang.Object, java.lang.Object, java.lang.Object, java.lang.Object)'> (0x000000070d49a968) 
thrown [s\src\hotspot\share\interpreter\linkResolver.cpp, line 784]
Event: 26.865 Thread 0x0000015ad56ae0a0 Exception <a 'java/lang/NoSuchMethodError'{0x000000070d4a3528}: 'java.lang.Object java.lang.invoke.DirectMethodHandle$Holder.newInvokeSpecial(java.lang.Object, java.lang.Object, java.lang.Object, int, int, java.lang.Object)'> (0x000000070d4a3528) 
thrown [s\src\hotspot\share\interpreter\linkResolver.cpp, line 784]
Event: 26.865 Thread 0x0000015ad56ae0a0 Exception <a 'java/lang/NoSuchMethodError'{0x000000070d4aa9d0}: 'java.lang.Object java.lang.invoke.Invokers$Holder.linkToTargetMethod(java.lang.Object, java.lang.Object, int, int, java.lang.Object, java.lang.Object)'> (0x000000070d4aa9d0) 
thrown [s\src\hotspot\share\interpreter\linkResolver.cpp, line 784]
Event: 26.914 Thread 0x0000015ad56ae0a0 Exception <a 'java/lang/NoSuchMethodError'{0x000000070d5c0918}: 'java.lang.Object java.lang.invoke.DirectMethodHandle$Holder.invokeSpecial(java.lang.Object, java.lang.Object, int, int, java.lang.Object, java.lang.Object, java.lang.Object, java.lang.Object, java.lang.Object)'> (0x000000070d5c0918) 
thrown [s\src\hotspot\share\interpreter\linkResolver.cpp, line 784]
Event: 27.379 Thread 0x0000015ad56ae0a0 Exception <a 'java/lang/NoSuchMethodError'{0x000000070ccbe450}: 'java.lang.Object java.lang.invoke.DirectMethodHandle$Holder.newInvokeSpecial(java.lang.Object, java.lang.Object, int, int, java.lang.Object, java.lang.Object, java.lang.Object)'> (0x000000070ccbe450) 
thrown [s\src\hotspot\share\interpreter\linkResolver.cpp, line 784]
Event: 27.379 Thread 0x0000015ad56ae0a0 Exception <a 'java/lang/NoSuchMethodError'{0x000000070ccc27c0}: 'java.lang.Object java.lang.invoke.DirectMethodHandle$Holder.invokeSpecial(java.lang.Object, java.lang.Object, java.lang.Object, int, int, java.lang.Object, java.lang.Object, java.lang.Object)'> (0x000000070ccc27c0) 
thrown [s\src\hotspot\share\interpreter\linkResolver.cpp, line 784]
Event: 32.734 Thread 0x0000015ad56ae0a0 Implicit null exception at 0x0000015ae2c6d993 to 0x0000015ae2c6e4a0

ZGC Phase Switch (0 events):
No events

VM Operations (20 events):
Event: 33.813 Executing non-safepoint VM operation: HandshakeAllThreads (Deoptimize)
Event: 33.813 Executing non-safepoint VM operation: HandshakeAllThreads (Deoptimize) done
Event: 33.897 Executing safepoint VM operation: ICBufferFull
Event: 33.897 Executing safepoint VM operation: ICBufferFull done
Event: 33.942 Executing safepoint VM operation: G1CollectForAllocation (G1 Evacuation Pause)
Event: 33.960 Executing safepoint VM operation: G1CollectForAllocation (G1 Evacuation Pause) done
Event: 34.174 Executing safepoint VM operation: ICBufferFull
Event: 34.174 Executing safepoint VM operation: ICBufferFull done
Event: 34.242 Executing safepoint VM operation: G1PauseRemark
Event: 34.261 Executing safepoint VM operation: G1PauseRemark done
Event: 34.345 Executing non-safepoint VM operation: HandshakeAllThreads (Deoptimize)
Event: 34.345 Executing non-safepoint VM operation: HandshakeAllThreads (Deoptimize) done
Event: 34.348 Executing non-safepoint VM operation: HandshakeAllThreads (Deoptimize)
Event: 34.348 Executing non-safepoint VM operation: HandshakeAllThreads (Deoptimize) done
Event: 34.392 Executing safepoint VM operation: ICBufferFull
Event: 34.393 Executing safepoint VM operation: ICBufferFull done
Event: 34.394 Executing safepoint VM operation: G1PauseCleanup
Event: 34.394 Executing safepoint VM operation: G1PauseCleanup done
Event: 34.403 Executing non-safepoint VM operation: HandshakeAllThreads (Deoptimize)
Event: 34.404 Executing non-safepoint VM operation: HandshakeAllThreads (Deoptimize) done

Memory protections (0 events):
No events

Nmethod flushes (20 events):
Event: 34.258 Thread 0x0000015af19a8a00 flushing  nmethod 0x0000015add456b10
Event: 34.258 Thread 0x0000015af19a8a00 flushing  nmethod 0x0000015add457e10
Event: 34.258 Thread 0x0000015af19a8a00 flushing  nmethod 0x0000015add48dc10
Event: 34.258 Thread 0x0000015af19a8a00 flushing  nmethod 0x0000015add508490
Event: 34.258 Thread 0x0000015af19a8a00 flushing  nmethod 0x0000015add509010
Event: 34.258 Thread 0x0000015af19a8a00 flushing  nmethod 0x0000015add50a690
Event: 34.258 Thread 0x0000015af19a8a00 flushing  nmethod 0x0000015add55ba10
Event: 34.258 Thread 0x0000015af19a8a00 flushing  nmethod 0x0000015add65b710
Event: 34.258 Thread 0x0000015af19a8a00 flushing  nmethod 0x0000015add65c390
Event: 34.258 Thread 0x0000015af19a8a00 flushing  nmethod 0x0000015add664210
Event: 34.258 Thread 0x0000015af19a8a00 flushing  nmethod 0x0000015add667e10
Event: 34.258 Thread 0x0000015af19a8a00 flushing  nmethod 0x0000015add668a90
Event: 34.258 Thread 0x0000015af19a8a00 flushing  nmethod 0x0000015add6f8610
Event: 34.258 Thread 0x0000015af19a8a00 flushing  nmethod 0x0000015add76a690
Event: 34.258 Thread 0x0000015af19a8a00 flushing  nmethod 0x0000015add76cd10
Event: 34.258 Thread 0x0000015af19a8a00 flushing  nmethod 0x0000015add7b6310
Event: 34.258 Thread 0x0000015af19a8a00 flushing  nmethod 0x0000015add844f90
Event: 34.258 Thread 0x0000015af19a8a00 flushing  nmethod 0x0000015add845c90
Event: 34.258 Thread 0x0000015af19a8a00 flushing  nmethod 0x0000015add846b90
Event: 34.258 Thread 0x0000015af19a8a00 flushing  nmethod 0x0000015add904d90

Events (19 events):
Event: 0.020 Thread 0x0000015ad56ae0a0 Thread added: 0x0000015ad56ae0a0
Event: 0.084 Thread 0x0000015ad56ae0a0 Thread added: 0x0000015af19cc100
Event: 0.091 Thread 0x0000015ad56ae0a0 Thread added: 0x0000015af19e8a10
Event: 0.091 Thread 0x0000015ad56ae0a0 Thread added: 0x0000015af19e9470
Event: 0.092 Thread 0x0000015ad56ae0a0 Thread added: 0x0000015af1a108e0
Event: 0.092 Thread 0x0000015ad56ae0a0 Thread added: 0x0000015af1a19630
Event: 0.092 Thread 0x0000015ad56ae0a0 Thread added: 0x0000015af1a1a090
Event: 0.093 Thread 0x0000015ad56ae0a0 Thread added: 0x0000015af1a26f20
Event: 0.093 Thread 0x0000015ad56ae0a0 Thread added: 0x0000015af1a4ed00
Event: 0.093 Thread 0x0000015ad56ae0a0 Thread added: 0x0000015af1a54cb0
Event: 0.141 Thread 0x0000015ad56ae0a0 Thread added: 0x0000015af1be4350
Event: 0.154 Loaded shared library C:\Program Files\Android\Android Studio\jbr\bin\net.dll
Event: 0.156 Loaded shared library C:\Program Files\Android\Android Studio\jbr\bin\nio.dll
Event: 0.179 Thread 0x0000015af1a4ed00 Thread added: 0x0000015af1aeb510
Event: 0.196 Loaded shared library C:\Program Files\Android\Android Studio\jbr\bin\zip.dll
Event: 0.235 Loaded shared library C:\Program Files\Android\Android Studio\jbr\bin\jimage.dll
Event: 0.397 Thread 0x0000015af1a4ed00 Thread added: 0x0000015af1aeae40
Event: 1.321 Thread 0x0000015af1aeae40 Thread exited: 0x0000015af1aeae40
Event: 1.483 Thread 0x0000015af1a54cb0 Thread added: 0x0000015af1aebbe0


Dynamic libraries:
0x00007ff662040000 - 0x00007ff66204a000 	C:\Program Files\Android\Android Studio\jbr\bin\java.exe
0x00007ffcd9530000 - 0x00007ffcd9728000 	C:\WINDOWS\SYSTEM32\ntdll.dll
0x00007ffcd9420000 - 0x00007ffcd94e2000 	C:\WINDOWS\System32\KERNEL32.DLL
0x00007ffcd7250000 - 0x00007ffcd7546000 	C:\WINDOWS\System32\KERNELBASE.dll
0x00007ffcd6c50000 - 0x00007ffcd6d50000 	C:\WINDOWS\System32\ucrtbase.dll
0x00007ffcd0500000 - 0x00007ffcd051b000 	C:\Program Files\Android\Android Studio\jbr\bin\VCRUNTIME140.dll
0x00007ffccf500000 - 0x00007ffccf518000 	C:\Program Files\Android\Android Studio\jbr\bin\jli.dll
0x00007ffcd8b80000 - 0x00007ffcd8d21000 	C:\WINDOWS\System32\USER32.dll
0x00007ffcc3870000 - 0x00007ffcc3b0b000 	C:\WINDOWS\WinSxS\amd64_microsoft.windows.common-controls_6595b64144ccf1df_6.0.19041.6456_none_60b8a6cb71f64256\COMCTL32.dll
0x00007ffcd6e00000 - 0x00007ffcd6e22000 	C:\WINDOWS\System32\win32u.dll
0x00007ffcd8070000 - 0x00007ffcd809b000 	C:\WINDOWS\System32\GDI32.dll
0x00007ffcd8530000 - 0x00007ffcd85ce000 	C:\WINDOWS\System32\msvcrt.dll
0x00007ffcd7090000 - 0x00007ffcd71a9000 	C:\WINDOWS\System32\gdi32full.dll
0x00007ffcd71b0000 - 0x00007ffcd724d000 	C:\WINDOWS\System32\msvcp_win.dll
0x00007ffcd8ae0000 - 0x00007ffcd8b0f000 	C:\WINDOWS\System32\IMM32.DLL
0x00007ffccf4e0000 - 0x00007ffccf4ec000 	C:\Program Files\Android\Android Studio\jbr\bin\vcruntime140_1.dll
0x00007ffcafc60000 - 0x00007ffcafced000 	C:\Program Files\Android\Android Studio\jbr\bin\msvcp140.dll
0x00007ffc8a0a0000 - 0x00007ffc8ad36000 	C:\Program Files\Android\Android Studio\jbr\bin\server\jvm.dll
0x00007ffcd80a0000 - 0x00007ffcd8151000 	C:\WINDOWS\System32\ADVAPI32.dll
0x00007ffcd8a40000 - 0x00007ffcd8adf000 	C:\WINDOWS\System32\sechost.dll
0x00007ffcd9270000 - 0x00007ffcd9390000 	C:\WINDOWS\System32\RPCRT4.dll
0x00007ffcd6dd0000 - 0x00007ffcd6df7000 	C:\WINDOWS\System32\bcrypt.dll
0x00007ffcd8b10000 - 0x00007ffcd8b7b000 	C:\WINDOWS\System32\WS2_32.dll
0x00007ffcd6110000 - 0x00007ffcd615b000 	C:\WINDOWS\SYSTEM32\POWRPROF.dll
0x00007ffcc3c50000 - 0x00007ffcc3c77000 	C:\WINDOWS\SYSTEM32\WINMM.dll
0x00007ffccec40000 - 0x00007ffccec4a000 	C:\WINDOWS\SYSTEM32\VERSION.dll
0x00007ffcd5f80000 - 0x00007ffcd5f92000 	C:\WINDOWS\SYSTEM32\UMPDC.dll
0x00007ffcd5390000 - 0x00007ffcd53a2000 	C:\WINDOWS\SYSTEM32\kernel.appcore.dll
0x00007ffccf4d0000 - 0x00007ffccf4da000 	C:\Program Files\Android\Android Studio\jbr\bin\jimage.dll
0x00007ffcbf890000 - 0x00007ffcbfa91000 	C:\WINDOWS\SYSTEM32\DBGHELP.DLL
0x00007ffcbe010000 - 0x00007ffcbe044000 	C:\WINDOWS\SYSTEM32\dbgcore.DLL
0x00007ffcd6bc0000 - 0x00007ffcd6c42000 	C:\WINDOWS\System32\bcryptPrimitives.dll
0x00007ffccea30000 - 0x00007ffccea50000 	C:\Program Files\Android\Android Studio\jbr\bin\java.dll
0x00007ffccdaf0000 - 0x00007ffccdb08000 	C:\Program Files\Android\Android Studio\jbr\bin\zip.dll
0x00007ffcd7900000 - 0x00007ffcd8070000 	C:\WINDOWS\System32\SHELL32.dll
0x00007ffcd4b10000 - 0x00007ffcd52b5000 	C:\WINDOWS\SYSTEM32\windows.storage.dll
0x00007ffcd8170000 - 0x00007ffcd84c4000 	C:\WINDOWS\System32\combase.dll
0x00007ffcd6510000 - 0x00007ffcd653b000 	C:\WINDOWS\SYSTEM32\Wldp.dll
0x00007ffcd7550000 - 0x00007ffcd761d000 	C:\WINDOWS\System32\OLEAUT32.dll
0x00007ffcd7750000 - 0x00007ffcd77fd000 	C:\WINDOWS\System32\SHCORE.dll
0x00007ffcd8d30000 - 0x00007ffcd8d8b000 	C:\WINDOWS\System32\shlwapi.dll
0x00007ffcd6af0000 - 0x00007ffcd6b14000 	C:\WINDOWS\SYSTEM32\profapi.dll
0x00007ffcce9f0000 - 0x00007ffccea00000 	C:\Program Files\Android\Android Studio\jbr\bin\net.dll
0x00007ffcc8d60000 - 0x00007ffcc8e6a000 	C:\WINDOWS\SYSTEM32\WINHTTP.dll
0x00007ffcd62f0000 - 0x00007ffcd635a000 	C:\WINDOWS\system32\mswsock.dll
0x00007ffccda50000 - 0x00007ffccda66000 	C:\Program Files\Android\Android Studio\jbr\bin\nio.dll
0x00007ffcd2890000 - 0x00007ffcd28a0000 	C:\Program Files\Android\Android Studio\jbr\bin\verify.dll

JVMTI agents: none

dbghelp: loaded successfully - version: 4.0.5 - missing functions: none
symbol engine: initialized successfully - sym options: 0x614 - pdb path: .;C:\Program Files\Android\Android Studio\jbr\bin;C:\WINDOWS\SYSTEM32;C:\WINDOWS\WinSxS\amd64_microsoft.windows.common-controls_6595b64144ccf1df_6.0.19041.6456_none_60b8a6cb71f64256;C:\Program Files\Android\Android Studio\jbr\bin\server

VM Arguments:
java_command: org.jetbrains.kotlin.cli.jvm.K2JVMCompiler @D:\android\Lexumi\app\build\20260725_11994731956893034042.compiler.options
java_class_path (initial): C:\Users\MSI\.gradle\caches\modules-2\files-2.1\org.jetbrains.kotlin\kotlin-compiler-embeddable\1.9.24\78dab849090e6c5e2eadb6e59a11cdc28fb67a08\kotlin-compiler-embeddable-1.9.24.jar;C:\Users\MSI\.gradle\caches\modules-2\files-2.1\org.jetbrains.kotlin\kotlin-stdlib\1.9.24\9928532f12c66ad816a625b3f9984f8368ca6d2b\kotlin-stdlib-1.9.24.jar;C:\Users\MSI\.gradle\caches\modules-2\files-2.1\org.jetbrains.kotlin\kotlin-script-runtime\1.9.24\96771497da90fbc5af1c90fce148db2595a62502\kotlin-script-runtime-1.9.24.jar;C:\Users\MSI\.gradle\caches\modules-2\files-2.1\org.jetbrains.kotlin\kotlin-reflect\1.6.10\1cbe9c92c12a94eea200d23c2bbaedaf3daf5132\kotlin-reflect-1.6.10.jar;C:\Users\MSI\.gradle\caches\modules-2\files-2.1\org.jetbrains.kotlin\kotlin-daemon-embeddable\1.9.24\86685b9c5e8d170925bd9ddbdc263374a6a73281\kotlin-daemon-embeddable-1.9.24.jar;C:\Users\MSI\.gradle\caches\modules-2\files-2.1\org.jetbrains.intellij.deps\trove4j\1.0.20200330\3afb14d5f9ceb459d724e907a21145e8ff394f02\trove4j-1.0.20200330.jar;C:\Users\MSI\.gradle\caches\modules-2\files-2.1\org.jetbrains\annotations\13.0\919f0dfe192fb4e063e7dacadee7f8bb9a2672a9\annotations-13.0.jar
Launcher Type: SUN_STANDARD

[Global flags]
     intx CICompilerCount                          = 4                                         {product} {ergonomic}
     uint ConcGCThreads                            = 2                                         {product} {ergonomic}
     uint G1ConcRefinementThreads                  = 8                                         {product} {ergonomic}
   size_t G1HeapRegionSize                         = 2097152                                   {product} {ergonomic}
    uintx GCDrainStackTargetSize                   = 64                                        {product} {ergonomic}
   size_t InitialHeapSize                          = 268435456                                 {product} {ergonomic}
   size_t MarkStackSize                            = 4194304                                   {product} {ergonomic}
   size_t MaxHeapSize                              = 4265607168                                {product} {ergonomic}
   size_t MaxNewSize                               = 2558525440                                {product} {ergonomic}
   size_t MinHeapDeltaBytes                        = 2097152                                   {product} {ergonomic}
   size_t MinHeapSize                              = 8388608                                   {product} {ergonomic}
    uintx NonNMethodCodeHeapSize                   = 5839372                                {pd product} {ergonomic}
    uintx NonProfiledCodeHeapSize                  = 122909434                              {pd product} {ergonomic}
    uintx ProfiledCodeHeapSize                     = 122909434                              {pd product} {ergonomic}
    uintx ReservedCodeCacheSize                    = 251658240                              {pd product} {ergonomic}
     bool SegmentedCodeCache                       = true                                      {product} {ergonomic}
   size_t SoftMaxHeapSize                          = 4265607168                             {manageable} {ergonomic}
     bool UseCompressedOops                        = true                           {product lp64_product} {ergonomic}
     bool UseG1GC                                  = true                                      {product} {ergonomic}
     bool UseLargePagesIndividualAllocation        = false                                  {pd product} {ergonomic}

Logging:
Log output configuration:
 #0: stdout all=warning uptime,level,tags foldmultilines=false
 #1: stderr all=off uptime,level,tags foldmultilines=false

Release file:
JAVA_VERSION="21.0.10" 
MODULES="java.base java.compiler java.datatransfer java.xml java.prefs java.desktop java.instrument java.logging java.management java.security.sasl java.naming java.rmi java.management.rmi java.net.http java.scripting java.security.jgss java.transaction.xa java.sql java.sql.rowset java.xml.crypto java.se java.smartcardio jdk.accessibility jdk.internal.jvmstat jdk.attach jdk.charsets jdk.internal.opt jdk.zipfs jdk.compiler jdk.crypto.ec jdk.crypto.cryptoki jdk.dynalink jdk.hotspot.agent jdk.httpserver jdk.internal.ed jdk.internal.le jdk.internal.vm.ci jdk.jartool jdk.javadoc jdk.jcmd jdk.jdeps jdk.jdwp.agent jdk.jdi jdk.jfr jdk.jlink jdk.jsobject jdk.localedata jdk.management jdk.management.agent jdk.management.jfr jdk.naming.dns jdk.naming.rmi jdk.net jdk.sctp jdk.security.auth jdk.security.jgss jdk.unsupported jdk.unsupported.desktop jdk.xml.dom" 
IMPLEMENTOR="JetBrains s.r.o." 
JAVA_RUNTIME_VERSION="21.0.10+-14961533-b1163.108" 
LIBC="default" 
OS_ARCH="x86_64" 
OS_NAME="Windows" 
SOURCE=".:git:1351622c2ff2" 

Environment Variables:
PATH=C:\Program Files\Common Files\Oracle\Java\javapath;C:\WINDOWS\system32;C:\WINDOWS;C:\WINDOWS\System32\Wbem;C:\WINDOWS\System32\WindowsPowerShell\v1.0\;C:\WINDOWS\System32\OpenSSH\;C:\Program Files\Git\cmd;C:\Program Files\nodejs\;C:\Program Files\dotnet\;C:\Users\MSI\AppData\Roaming\Telegram Desktop;C:\Android tools;C:\Program Files\MySQL\MySQL Shell 8.0\bin\;C:\Users\MSI\AppData\Local\Microsoft\WindowsApps;C:\Program Files\MySQL\MySQL Server 8.0\bin;C:\Users\MSI\AppData\Local\Programs\Microsoft VS Code\bin;C:\maven\apache-maven-3.9.11\bin;C:\Users\MSI\AppData\Roaming\npm
USERNAME=MSI
OS=Windows_NT
PROCESSOR_IDENTIFIER=Intel64 Family 6 Model 94 Stepping 3, GenuineIntel
TMP=C:\Users\MSI\AppData\Local\Temp
TEMP=C:\Users\MSI\AppData\Local\Temp




Periodic native trim disabled

JNI global refs:
JNI global refs: 14, weak refs: 12

JNI global refs memory usage: 835, weak refs: 833

Process memory usage:
Resident Set Size: 546120K (3% of 16660796K total physical memory with 1376188K free physical memory)

OOME stack traces (most recent first):
Classloader memory used:
Loader jdk.internal.loader.ClassLoaders$AppClassLoader                                 : 72502K
Loader bootstrap                                                                       : 14007K
Loader java.net.URLClassLoader                                                         : 3008K

---------------  S Y S T E M  ---------------

OS:
 Windows 10 , 64 bit Build 19041 (10.0.19041.5915)
OS uptime: 3 days 3:29 hours
Hyper-V role detected

CPU: total 8 (initial active 8) (4 cores per cpu, 2 threads per core) family 6 model 94 stepping 3 microcode 0xcc, cx8, cmov, fxsr, ht, mmx, 3dnowpref, sse, sse2, sse3, ssse3, sse4.1, sse4.2, popcnt, lzcnt, tsc, tscinvbit, avx, avx2, aes, erms, clmul, bmi1, bmi2, rtm, adx, fma, vzeroupper, clflush, clflushopt, hv, rdtscp, f16c
Processor Information for the first 8 processors :
  Max Mhz: 2601, Current Mhz: 2601, Mhz Limit: 2601

Memory: 4k page, system-wide physical 16270M (1343M free)
TotalPageFile size 16270M (AvailPageFile size 4M)
current process WorkingSet (physical memory assigned to process): 534M, peak: 534M
current process commit charge ("private bytes"): 603M, peak: 605M

vm_info: OpenJDK 64-Bit Server VM (21.0.10+-14961533-b1163.108) for windows-amd64 JRE (21.0.10+-14961533-b1163.108), built on 2026-03-02T19:58:50Z by "builder" with MS VC++ 16.10 / 16.11 (VS2019)

END.
