#
# There is insufficient memory for the Java Runtime Environment to continue.
# Native memory allocation (mmap) failed to map 268435456 bytes for G1 virtual space
# Possible reasons:
#   The system is out of physical RAM or swap space
#   The process is running with CompressedOops enabled, and the Java Heap may be blocking the growth of the native heap
# Possible solutions:
#   Reduce memory load on the system
#   Increase physical memory or swap space
#   Check if swap backing store is full
#   Decrease Java heap size (-Xmx/-Xms)
#   Decrease number of Java threads
#   Decrease Java thread stack sizes (-Xss)
#   Set larger code cache with -XX:ReservedCodeCacheSize=
#   JVM is running with Zero Based Compressed Oops mode in which the Java heap is
#     placed in the first 32GB address space. The Java Heap base address is the
#     maximum limit for the native heap growth. Please use -XX:HeapBaseMinAddress
#     to set the Java Heap base and to place the Java Heap above 32GB virtual address.
# This output file may be truncated or incomplete.
#
#  Out of Memory Error (os_windows.cpp:3603), pid=15804, tid=10212
#
# JRE version:  (21.0.9+7) (build )
# Java VM: Java HotSpot(TM) 64-Bit Server VM (21.0.9+7-LTS-338, mixed mode, sharing, tiered, compressed oops, compressed class ptrs, g1 gc, windows-amd64)
# No core dump will be written. Minidumps are not enabled by default on client versions of Windows
#

---------------  S U M M A R Y ------------

Command Line: org.jetbrains.kotlin.cli.jvm.K2JVMCompiler @D:\android\Lexumi\app\build\20260807_7489383301830577439.compiler.options

Host: Intel(R) Core(TM) i7-6700HQ CPU @ 2.60GHz, 8 cores, 15G,  Windows 10 , 64 bit Build 19041 (10.0.19041.5915)
Time: Fri Aug  7 20:29:54 2026 Romance Daylight Time elapsed time: 0.054888 seconds (0d 0h 0m 0s)

---------------  T H R E A D  ---------------

Current thread (0x000002857d6bf830):  JavaThread "Unknown thread" [_thread_in_vm, id=10212, stack(0x0000008bf3b00000,0x0000008bf3c00000) (1024K)]

Stack: [0x0000008bf3b00000,0x0000008bf3c00000]
Native frames: (J=compiled Java code, j=interpreted, Vv=VM code, C=native code)
V  [jvm.dll+0x6cbf89]
V  [jvm.dll+0x858421]
V  [jvm.dll+0x85a94e]
V  [jvm.dll+0x85b023]
V  [jvm.dll+0x27ebc6]
V  [jvm.dll+0x6c8705]
V  [jvm.dll+0x6bd26a]
V  [jvm.dll+0x354a0a]
V  [jvm.dll+0x35c686]
V  [jvm.dll+0x3af79e]
V  [jvm.dll+0x3afa48]
V  [jvm.dll+0x328d1c]
V  [jvm.dll+0x32987b]
V  [jvm.dll+0x821739]
V  [jvm.dll+0x3bc481]
V  [jvm.dll+0x80a9b8]
V  [jvm.dll+0x45166e]
V  [jvm.dll+0x453261]
C  [jli.dll+0x52a3]
C  [ucrtbase.dll+0x21bb2]
C  [KERNEL32.DLL+0x17374]
C  [ntdll.dll+0x4cc91]


---------------  P R O C E S S  ---------------

Threads class SMR info:
_java_thread_list=0x00007ffb1fc5fc08, length=0, elements={
}

Java Threads: ( => current thread )
Total: 0

Other Threads:
  0x000002857d71faa0 WorkerThread "GC Thread#0"                     [id=18492, stack(0x0000008bf3c00000,0x0000008bf3d00000) (1024K)]
  0x000002857d731350 ConcurrentGCThread "G1 Main Marker"            [id=14732, stack(0x0000008bf3d00000,0x0000008bf3e00000) (1024K)]
  0x000002857d733d80 WorkerThread "G1 Conc#0"                       [id=8040, stack(0x0000008bf3e00000,0x0000008bf3f00000) (1024K)]

[error occurred during error reporting (printing all threads), id 0xc0000005, EXCEPTION_ACCESS_VIOLATION (0xc0000005) at pc=0x00007ffb1f3cb4a7]
VM state: not at safepoint (not fully initialized)

VM Mutex/Monitor currently owned by a thread:  ([mutex/lock_event])
[0x00007ffb1fcd0ef0] Heap_lock - owner thread: 0x000002857d6bf830

Heap address: 0x0000000701c00000, size: 4068 MB, Compressed Oops mode: Zero based, Oop shift amount: 3

CDS archive(s) mapped at: [0x0000000000000000-0x0000000000000000-0x0000000000000000), size 0, SharedBaseAddress: 0x0000000800000000, ArchiveRelocationMode: 1.
Narrow klass base: 0x0000000000000000, Narrow klass shift: 0, Narrow klass range: 0x0

GC Precious Log:
 CardTable entry size: 512
 Card Set container configuration: InlinePtr #cards 4 size 8 Array Of Cards #cards 16 size 48 Howl #buckets 8 coarsen threshold 3686 Howl Bitmap #cards 512 size 80 coarsen threshold 460 Card regions per heap region 1 cards per card region 4096

Heap:
 garbage-first heap   total 0K, used 0K [0x0000000701c00000, 0x0000000800000000)
  region size 2048K, 0 young (0K), 0 survivors (0K)

[error occurred during error reporting (printing heap information), id 0xc0000005, EXCEPTION_ACCESS_VIOLATION (0xc0000005) at pc=0x00007ffb1f7b4ff9]
GC Heap History (0 events):
No events

Dll operation events (1 events):
Event: 0.013 Loaded shared library C:\Program Files\Java\jdk-21\bin\java.dll

Deoptimization events (0 events):
No events

Classes loaded (0 events):
No events

Classes unloaded (0 events):
No events

Classes redefined (0 events):
No events

Internal exceptions (0 events):
No events

ZGC Phase Switch (0 events):
No events

VM Operations (0 events):
No events

Events (0 events):
No events


Dynamic libraries:
0x00007ff65c1e0000 - 0x00007ff65c1f0000 	C:\Program Files\Java\jdk-21\bin\java.exe
0x00007ffb6ab70000 - 0x00007ffb6ad68000 	C:\WINDOWS\SYSTEM32\ntdll.dll
0x00007ffb69150000 - 0x00007ffb69212000 	C:\WINDOWS\System32\KERNEL32.DLL
0x00007ffb68410000 - 0x00007ffb68706000 	C:\WINDOWS\System32\KERNELBASE.dll
0x00007ffb62810000 - 0x00007ffb628a4000 	C:\WINDOWS\SYSTEM32\apphelp.dll
0x00007ffb68950000 - 0x00007ffb68a50000 	C:\WINDOWS\System32\ucrtbase.dll
0x00007ffb49de0000 - 0x00007ffb49dfb000 	C:\Program Files\Java\jdk-21\bin\VCRUNTIME140.dll
0x00007ffb54520000 - 0x00007ffb54539000 	C:\Program Files\Java\jdk-21\bin\jli.dll
0x00007ffb69ce0000 - 0x00007ffb69d91000 	C:\WINDOWS\System32\ADVAPI32.dll
0x00007ffb69f80000 - 0x00007ffb6a01e000 	C:\WINDOWS\System32\msvcrt.dll
0x00007ffb69ee0000 - 0x00007ffb69f7f000 	C:\WINDOWS\System32\sechost.dll
0x00007ffb6a9f0000 - 0x00007ffb6ab10000 	C:\WINDOWS\System32\RPCRT4.dll
0x00007ffb68a50000 - 0x00007ffb68a77000 	C:\WINDOWS\System32\bcrypt.dll
0x00007ffb68c40000 - 0x00007ffb68de1000 	C:\WINDOWS\System32\USER32.dll
0x00007ffb68920000 - 0x00007ffb68942000 	C:\WINDOWS\System32\win32u.dll
0x00007ffb54c80000 - 0x00007ffb54f1b000 	C:\WINDOWS\WinSxS\amd64_microsoft.windows.common-controls_6595b64144ccf1df_6.0.19041.6456_none_60b8a6cb71f64256\COMCTL32.dll
0x00007ffb6a9c0000 - 0x00007ffb6a9eb000 	C:\WINDOWS\System32\GDI32.dll
0x00007ffb682f0000 - 0x00007ffb68409000 	C:\WINDOWS\System32\gdi32full.dll
0x00007ffb68200000 - 0x00007ffb6829d000 	C:\WINDOWS\System32\msvcp_win.dll
0x00007ffb612b0000 - 0x00007ffb612ba000 	C:\WINDOWS\SYSTEM32\VERSION.dll
0x00007ffb68fb0000 - 0x00007ffb68fdf000 	C:\WINDOWS\System32\IMM32.DLL
0x00007ffb63240000 - 0x00007ffb6324c000 	C:\Program Files\Java\jdk-21\bin\vcruntime140_1.dll
0x00007ffb40f20000 - 0x00007ffb40fae000 	C:\Program Files\Java\jdk-21\bin\msvcp140.dll
0x00007ffb1f090000 - 0x00007ffb1fdad000 	C:\Program Files\Java\jdk-21\bin\server\jvm.dll
0x00007ffb69c60000 - 0x00007ffb69ccb000 	C:\WINDOWS\System32\WS2_32.dll
0x00007ffb67750000 - 0x00007ffb6779b000 	C:\WINDOWS\SYSTEM32\POWRPROF.dll
0x00007ffb552d0000 - 0x00007ffb552f7000 	C:\WINDOWS\SYSTEM32\WINMM.dll
0x00007ffb675c0000 - 0x00007ffb675d2000 	C:\WINDOWS\SYSTEM32\UMPDC.dll
0x00007ffb669d0000 - 0x00007ffb669e2000 	C:\WINDOWS\SYSTEM32\kernel.appcore.dll
0x00007ffb630c0000 - 0x00007ffb630ca000 	C:\Program Files\Java\jdk-21\bin\jimage.dll
0x00007ffb51230000 - 0x00007ffb51431000 	C:\WINDOWS\SYSTEM32\DBGHELP.DLL
0x00007ffb4fe40000 - 0x00007ffb4fe74000 	C:\WINDOWS\SYSTEM32\dbgcore.DLL
0x00007ffb68b00000 - 0x00007ffb68b82000 	C:\WINDOWS\System32\bcryptPrimitives.dll
0x00007ffb49dc0000 - 0x00007ffb49ddf000 	C:\Program Files\Java\jdk-21\bin\java.dll

dbghelp: loaded successfully - version: 4.0.5 - missing functions: none
symbol engine: initialized successfully - sym options: 0x614 - pdb path: .;C:\Program Files\Java\jdk-21\bin;C:\WINDOWS\SYSTEM32;C:\WINDOWS\WinSxS\amd64_microsoft.windows.common-controls_6595b64144ccf1df_6.0.19041.6456_none_60b8a6cb71f64256;C:\Program Files\Java\jdk-21\bin\server

VM Arguments:
java_command: org.jetbrains.kotlin.cli.jvm.K2JVMCompiler @D:\android\Lexumi\app\build\20260807_7489383301830577439.compiler.options
java_class_path (initial): C:\Users\MSI\.gradle\caches\modules-2\files-2.1\org.jetbrains.kotlin\kotlin-compiler-embeddable\1.9.24\78dab849090e6c5e2eadb6e59a11cdc28fb67a08\kotlin-compiler-embeddable-1.9.24.jar;C:\Users\MSI\.gradle\caches\modules-2\files-2.1\org.jetbrains.kotlin\kotlin-stdlib\1.9.24\9928532f12c66ad816a625b3f9984f8368ca6d2b\kotlin-stdlib-1.9.24.jar;C:\Users\MSI\.gradle\caches\modules-2\files-2.1\org.jetbrains.kotlin\kotlin-script-runtime\1.9.24\96771497da90fbc5af1c90fce148db2595a62502\kotlin-script-runtime-1.9.24.jar;C:\Users\MSI\.gradle\caches\modules-2\files-2.1\org.jetbrains.kotlin\kotlin-reflect\1.6.10\1cbe9c92c12a94eea200d23c2bbaedaf3daf5132\kotlin-reflect-1.6.10.jar;C:\Users\MSI\.gradle\caches\modules-2\files-2.1\org.jetbrains.kotlin\kotlin-daemon-embeddable\1.9.24\86685b9c5e8d170925bd9ddbdc263374a6a73281\kotlin-daemon-embeddable-1.9.24.jar;C:\Users\MSI\.gradle\caches\modules-2\files-2.1\org.jetbrains.intellij.deps\trove4j\1.0.20200330\3afb14d5f9ceb459d724e907a21145e8ff394f02\trove4j-1.0.20200330.jar;C:\Users\MSI\.gradle\caches\modules-2\files-2.1\org.jetbrains\annotations\13.0\919f0dfe192fb4e063e7dacadee7f8bb9a2672a9\annotations-13.0.jar
Launcher Type: SUN_STANDARD

[Global flags]
     intx CICompilerCount                          = 4                                         {product} {ergonomic}
     uint ConcGCThreads                            = 2                                         {product} {ergonomic}
     uint G1ConcRefinementThreads                  = 8                                         {product} {ergonomic}
   size_t G1HeapRegionSize                         = 2097152                                   {product} {ergonomic}
    uintx GCDrainStackTargetSize                   = 64                                        {product} {ergonomic}
   size_t InitialHeapSize                          = 268435456                                 {product} {ergonomic}
   size_t MarkStackSize                            = 4194304                                   {product} {ergonomic}
   size_t MaxHeapSize                              = 4265607168                                {product} {ergonomic}
   size_t MinHeapDeltaBytes                        = 2097152                                   {product} {ergonomic}
   size_t MinHeapSize                              = 8388608                                   {product} {ergonomic}
    uintx NonNMethodCodeHeapSize                   = 5839372                                {pd product} {ergonomic}
    uintx NonProfiledCodeHeapSize                  = 122909434                              {pd product} {ergonomic}
    uintx ProfiledCodeHeapSize                     = 122909434                              {pd product} {ergonomic}
    uintx ReservedCodeCacheSize                    = 251658240                              {pd product} {ergonomic}
     bool SegmentedCodeCache                       = true                                      {product} {ergonomic}
   size_t SoftMaxHeapSize                          = 4265607168                             {manageable} {ergonomic}
     bool UseCompressedOops                        = true                           {product lp64_product} {ergonomic}
     bool UseG1GC                                  = true                                      {product} {ergonomic}
     bool UseLargePagesIndividualAllocation        = false                                  {pd product} {ergonomic}

Logging:
Log output configuration:
 #0: stdout all=warning uptime,level,tags foldmultilines=false
 #1: stderr all=off uptime,level,tags foldmultilines=false

Environment Variables:
PATH=C:\Program Files\Common Files\Oracle\Java\javapath;C:\WINDOWS\system32;C:\WINDOWS;C:\WINDOWS\System32\Wbem;C:\WINDOWS\System32\WindowsPowerShell\v1.0\;C:\WINDOWS\System32\OpenSSH\;C:\Program Files\Git\cmd;C:\Program Files\nodejs\;C:\Program Files\dotnet\;C:\Users\MSI\AppData\Roaming\Telegram Desktop;C:\Android tools;C:\Program Files\MySQL\MySQL Shell 8.0\bin\;C:\Users\MSI\AppData\Local\Microsoft\WindowsApps;C:\Program Files\MySQL\MySQL Server 8.0\bin;C:\Users\MSI\AppData\Local\Programs\Microsoft VS Code\bin;C:\maven\apache-maven-3.9.11\bin;C:\Users\MSI\AppData\Roaming\npm
USERNAME=MSI
OS=Windows_NT
PROCESSOR_IDENTIFIER=Intel64 Family 6 Model 94 Stepping 3, GenuineIntel
TMP=C:\Users\MSI\AppData\Local\Temp
TEMP=C:\Users\MSI\AppData\Local\Temp




Periodic native trim disabled

---------------  S Y S T E M  ---------------

OS:
 Windows 10 , 64 bit Build 19041 (10.0.19041.5915)
OS uptime: 1 days 6:34 hours
Hyper-V role detected

CPU: total 8 (initial active 8) (4 cores per cpu, 2 threads per core) family 6 model 94 stepping 3 microcode 0xcc, cx8, cmov, fxsr, ht, mmx, 3dnowpref, sse, sse2, sse3, ssse3, sse4.1, sse4.2, popcnt, lzcnt, tsc, tscinvbit, avx, avx2, aes, erms, clmul, bmi1, bmi2, rtm, adx, fma, vzeroupper, clflush, clflushopt, hv, rdtscp, f16c
Processor Information for all 8 processors :
  Max Mhz: 2601, Current Mhz: 2500, Mhz Limit: 2496

Memory: 4k page, system-wide physical 16270M (1015M free)
TotalPageFile size 16270M (AvailPageFile size 253M)
current process WorkingSet (physical memory assigned to process): 11M, peak: 11M
current process commit charge ("private bytes"): 60M, peak: 316M

vm_info: Java HotSpot(TM) 64-Bit Server VM (21.0.9+7-LTS-338) for windows-amd64 JRE (21.0.9+7-LTS-338), built on 2025-09-26T06:33:49Z by "mach5run" with MS VC++ 17.6 (VS2022)

END.
